Archive member included to satisfy reference by file (symbol)

d:/st/stm32cubeide_1.4.0/stm32cubeide/plugins/com.st.stm32cube.ide.mcu.externaltools.gnu-tools-for-stm32.7-2018-q2-update.win32_1.4.0.202007081208/tools/bin/../lib/gcc/arm-none-eabi/7.3.1/../../../../arm-none-eabi/lib/thumb/v7e-m/fpv4-sp/hard\libc_nano.a(lib_a-atoi.o)
                              Core/Src/main.o (atoi)
d:/st/stm32cubeide_1.4.0/stm32cubeide/plugins/com.st.stm32cube.ide.mcu.externaltools.gnu-tools-for-stm32.7-2018-q2-update.win32_1.4.0.202007081208/tools/bin/../lib/gcc/arm-none-eabi/7.3.1/../../../../arm-none-eabi/lib/thumb/v7e-m/fpv4-sp/hard\libc_nano.a(lib_a-errno.o)
                              Core/Src/syscalls.o (__errno)
d:/st/stm32cubeide_1.4.0/stm32cubeide/plugins/com.st.stm32cube.ide.mcu.externaltools.gnu-tools-for-stm32.7-2018-q2-update.win32_1.4.0.202007081208/tools/bin/../lib/gcc/arm-none-eabi/7.3.1/../../../../arm-none-eabi/lib/thumb/v7e-m/fpv4-sp/hard\libc_nano.a(lib_a-exit.o)
                              d:/st/stm32cubeide_1.4.0/stm32cubeide/plugins/com.st.stm32cube.ide.mcu.externaltools.gnu-tools-for-stm32.7-2018-q2-update.win32_1.4.0.202007081208/tools/bin/../lib/gcc/arm-none-eabi/7.3.1/../../../../arm-none-eabi/lib/thumb/v7e-m/fpv4-sp/hard/crt0.o (exit)
d:/st/stm32cubeide_1.4.0/stm32cubeide/plugins/com.st.stm32cube.ide.mcu.externaltools.gnu-tools-for-stm32.7-2018-q2-update.win32_1.4.0.202007081208/tools/bin/../lib/gcc/arm-none-eabi/7.3.1/../../../../arm-none-eabi/lib/thumb/v7e-m/fpv4-sp/hard\libc_nano.a(lib_a-impure.o)
                              d:/st/stm32cubeide_1.4.0/stm32cubeide/plugins/com.st.stm32cube.ide.mcu.externaltools.gnu-tools-for-stm32.7-2018-q2-update.win32_1.4.0.202007081208/tools/bin/../lib/gcc/arm-none-eabi/7.3.1/../../../../arm-none-eabi/lib/thumb/v7e-m/fpv4-sp/hard\libc_nano.a(lib_a-exit.o) (_global_impure_ptr)
d:/st/stm32cubeide_1.4.0/stm32cubeide/plugins/com.st.stm32cube.ide.mcu.externaltools.gnu-tools-for-stm32.7-2018-q2-update.win32_1.4.0.202007081208/tools/bin/../lib/gcc/arm-none-eabi/7.3.1/../../../../arm-none-eabi/lib/thumb/v7e-m/fpv4-sp/hard\libc_nano.a(lib_a-init.o)
                              d:/st/stm32cubeide_1.4.0/stm32cubeide/plugins/com.st.stm32cube.ide.mcu.externaltools.gnu-tools-for-stm32.7-2018-q2-update.win32_1.4.0.202007081208/tools/bin/../lib/gcc/arm-none-eabi/7.3.1/../../../../arm-none-eabi/lib/thumb/v7e-m/fpv4-sp/hard/crt0.o (__libc_init_array)
d:/st/stm32cubeide_1.4.0/stm32cubeide/plugins/com.st.stm32cube.ide.mcu.externaltools.gnu-tools-for-stm32.7-2018-q2-update.win32_1.4.0.202007081208/tools/bin/../lib/gcc/arm-none-eabi/7.3.1/../../../../arm-none-eabi/lib/thumb/v7e-m/fpv4-sp/hard\libc_nano.a(lib_a-memset.o)
                              d:/st/stm32cubeide_1.4.0/stm32cubeide/plugins/com.st.stm32cube.ide.mcu.externaltools.gnu-tools-for-stm32.7-2018-q2-update.win32_1.4.0.202007081208/tools/bin/../lib/gcc/arm-none-eabi/7.3.1/../../../../arm-none-eabi/lib/thumb/v7e-m/fpv4-sp/hard/crt0.o (memset)
d:/st/stm32cubeide_1.4.0/stm32cubeide/plugins/com.st.stm32cube.ide.mcu.externaltools.gnu-tools-for-stm32.7-2018-q2-update.win32_1.4.0.202007081208/tools/bin/../lib/gcc/arm-none-eabi/7.3.1/../../../../arm-none-eabi/lib/thumb/v7e-m/fpv4-sp/hard\libc_nano.a(lib_a-sprintf.o)
                              Core/Src/main.o (sprintf)
d:/st/stm32cubeide_1.4.0/stm32cubeide/plugins/com.st.stm32cube.ide.mcu.externaltools.gnu-tools-for-stm32.7-2018-q2-update.win32_1.4.0.202007081208/tools/bin/../lib/gcc/arm-none-eabi/7.3.1/../../../../arm-none-eabi/lib/thumb/v7e-m/fpv4-sp/hard\libc_nano.a(lib_a-strlen.o)
                              Core/Src/main.o (strlen)
d:/st/stm32cubeide_1.4.0/stm32cubeide/plugins/com.st.stm32cube.ide.mcu.externaltools.gnu-tools-for-stm32.7-2018-q2-update.win32_1.4.0.202007081208/tools/bin/../lib/gcc/arm-none-eabi/7.3.1/../../../../arm-none-eabi/lib/thumb/v7e-m/fpv4-sp/hard\libc_nano.a(lib_a-strtol.o)
                              d:/st/stm32cubeide_1.4.0/stm32cubeide/plugins/com.st.stm32cube.ide.mcu.externaltools.gnu-tools-for-stm32.7-2018-q2-update.win32_1.4.0.202007081208/tools/bin/../lib/gcc/arm-none-eabi/7.3.1/../../../../arm-none-eabi/lib/thumb/v7e-m/fpv4-sp/hard\libc_nano.a(lib_a-atoi.o) (_strtol_r)
d:/st/stm32cubeide_1.4.0/stm32cubeide/plugins/com.st.stm32cube.ide.mcu.externaltools.gnu-tools-for-stm32.7-2018-q2-update.win32_1.4.0.202007081208/tools/bin/../lib/gcc/arm-none-eabi/7.3.1/../../../../arm-none-eabi/lib/thumb/v7e-m/fpv4-sp/hard\libc_nano.a(lib_a-locale.o)
                              d:/st/stm32cubeide_1.4.0/stm32cubeide/plugins/com.st.stm32cube.ide.mcu.externaltools.gnu-tools-for-stm32.7-2018-q2-update.win32_1.4.0.202007081208/tools/bin/../lib/gcc/arm-none-eabi/7.3.1/../../../../arm-none-eabi/lib/thumb/v7e-m/fpv4-sp/hard\libc_nano.a(lib_a-strtol.o) (__locale_ctype_ptr_l)
[...]
Memory Configuration

Name             Origin             Length             Attributes
CCMRAM           0x0000000010000000 0x0000000000001000 xrw
RAM              0x0000000020000000 0x0000000000003000 xrw
FLASH            0x0000000008000000 0x0000000000010000 xr
*default*        0x0000000000000000 0xffffffffffffffff

Linker script and memory map

LOAD d:/st/stm32cubeide_1.4.0/stm32cubeide/plugins/com.st.stm32cube.ide.mcu.externaltools.gnu-tools-for-stm32.7-2018-q2-update.win32_1.4.0.202007081208/tools/bin/../lib/gcc/arm-none-eabi/7.3.1/thumb/v7e-m/fpv4-sp/hard/crti.o
LOAD d:/st/stm32cubeide_1.4.0/stm32cubeide/plugins/com.st.stm32cube.ide.mcu.externaltools.gnu-tools-for-stm32.7-2018-q2-update.win32_1.4.0.202007081208/tools/bin/../lib/gcc/arm-none-eabi/7.3.1/thumb/v7e-m/fpv4-sp/hard/crtbegin.o
LOAD d:/st/stm32cubeide_1.4.0/stm32cubeide/plugins/com.st.stm32cube.ide.mcu.externaltools.gnu-tools-for-stm32.7-2018-q2-update.win32_1.4.0.202007081208/tools/bin/../lib/gcc/arm-none-eabi/7.3.1/../../../../arm-none-eabi/lib/thumb/v7e-m/fpv4-sp/hard/crt0.o
LOAD Core/Src/main.o
LOAD Core/Src/stm32f3xx_hal_msp.o
LOAD Core/Src/stm32f3xx_it.o
LOAD Core/Src/syscalls.o
LOAD Core/Src/sysmem.o
LOAD Core/Src/system_stm32f3xx.o
LOAD Core/Startup/startup_stm32f303k8tx.o
LOAD Drivers/STM32F3xx_HAL_Driver/Src/stm32f3xx_hal.o
LOAD Drivers/STM32F3xx_HAL_Driver/Src/stm32f3xx_hal_adc.o
LOAD Drivers/STM32F3xx_HAL_Driver/Src/stm32f3xx_hal_adc_ex.o
LOAD Drivers/STM32F3xx_HAL_Driver/Src/stm32f3xx_hal_cortex.o
LOAD Drivers/STM32F3xx_HAL_Driver/Src/stm32f3xx_hal_dma.o
LOAD Drivers/STM32F3xx_HAL_Driver/Src/stm32f3xx_hal_exti.o
LOAD Drivers/STM32F3xx_HAL_Driver/Src/stm32f3xx_hal_flash.o
LOAD Drivers/STM32F3xx_HAL_Driver/Src/stm32f3xx_hal_flash_ex.o
LOAD Drivers/STM32F3xx_HAL_Driver/Src/stm32f3xx_hal_gpio.o
LOAD Drivers/STM32F3xx_HAL_Driver/Src/stm32f3xx_hal_i2c.o
LOAD Drivers/STM32F3xx_HAL_Driver/Src/stm32f3xx_hal_i2c_ex.o
LOAD Drivers/STM32F3xx_HAL_Driver/Src/stm32f3xx_hal_pwr.o
LOAD Drivers/STM32F3xx_HAL_Driver/Src/stm32f3xx_hal_pwr_ex.o
LOAD Drivers/STM32F3xx_HAL_Driver/Src/stm32f3xx_hal_rcc.o
LOAD Drivers/STM32F3xx_HAL_Driver/Src/stm32f3xx_hal_rcc_ex.o
LOAD Drivers/STM32F3xx_HAL_Driver/Src/stm32f3xx_hal_tim.o
LOAD Drivers/STM32F3xx_HAL_Driver/Src/stm32f3xx_hal_tim_ex.o
LOAD Drivers/STM32F3xx_HAL_Driver/Src/stm32f3xx_hal_uart.o
LOAD Drivers/STM32F3xx_HAL_Driver/Src/stm32f3xx_hal_uart_ex.o
START GROUP
LOAD d:/st/stm32cubeide_1.4.0/stm32cubeide/plugins/com.st.stm32cube.ide.mcu.externaltools.gnu-tools-for-stm32.7-2018-q2-update.win32_1.4.0.202007081208/tools/bin/../lib/gcc/arm-none-eabi/7.3.1/../../../../arm-none-eabi/lib/thumb/v7e-m/fpv4-sp/hard\libc_nano.a
LOAD d:/st/stm32cubeide_1.4.0/stm32cubeide/plugins/com.st.stm32cube.ide.mcu.externaltools.gnu-tools-for-stm32.7-2018-q2-update.win32_1.4.0.202007081208/tools/bin/../lib/gcc/arm-none-eabi/7.3.1/../../../../arm-none-eabi/lib/thumb/v7e-m/fpv4-sp/hard\libm.a
END GROUP
START GROUP
LOAD d:/st/stm32cubeide_1.4.0/stm32cubeide/plugins/com.st.stm32cube.ide.mcu.externaltools.gnu-tools-for-stm32.7-2018-q2-update.win32_1.4.0.202007081208/tools/bin/../lib/gcc/arm-none-eabi/7.3.1/thumb/v7e-m/fpv4-sp/hard\libgcc.a
LOAD d:/st/stm32cubeide_1.4.0/stm32cubeide/plugins/com.st.stm32cube.ide.mcu.externaltools.gnu-tools-for-stm32.7-2018-q2-update.win32_1.4.0.202007081208/tools/bin/../lib/gcc/arm-none-eabi/7.3.1/../../../../arm-none-eabi/lib/thumb/v7e-m/fpv4-sp/hard\libc_nano.a
END GROUP
START GROUP
LOAD d:/st/stm32cubeide_1.4.0/stm32cubeide/plugins/com.st.stm32cube.ide.mcu.externaltools.gnu-tools-for-stm32.7-2018-q2-update.win32_1.4.0.202007081208/tools/bin/../lib/gcc/arm-none-eabi/7.3.1/thumb/v7e-m/fpv4-sp/hard\libgcc.a
LOAD d:/st/stm32cubeide_1.4.0/stm32cubeide/plugins/com.st.stm32cube.ide.mcu.externaltools.gnu-tools-for-stm32.7-2018-q2-update.win32_1.4.0.202007081208/tools/bin/../lib/gcc/arm-none-eabi/7.3.1/../../../../arm-none-eabi/lib/thumb/v7e-m/fpv4-sp/hard\libc_nano.a
LOAD d:/st/stm32cubeide_1.4.0/stm32cubeide/plugins/com.st.stm32cube.ide.mcu.externaltools.gnu-tools-for-stm32.7-2018-q2-update.win32_1.4.0.202007081208/tools/bin/../lib/gcc/arm-none-eabi/7.3.1/../../../../arm-none-eabi/lib/thumb/v7e-m/fpv4-sp/hard\libnosys.a
END GROUP
START GROUP
LOAD d:/st/stm32cubeide_1.4.0/stm32cubeide/plugins/com.st.stm32cube.ide.mcu.externaltools.gnu-tools-for-stm32.7-2018-q2-update.win32_1.4.0.202007081208/tools/bin/../lib/gcc/arm-none-eabi/7.3.1/thumb/v7e-m/fpv4-sp/hard\libgcc.a
LOAD d:/st/stm32cubeide_1.4.0/stm32cubeide/plugins/com.st.stm32cube.ide.mcu.externaltools.gnu-tools-for-stm32.7-2018-q2-update.win32_1.4.0.202007081208/tools/bin/../lib/gcc/arm-none-eabi/7.3.1/../../../../arm-none-eabi/lib/thumb/v7e-m/fpv4-sp/hard\libc_nano.a
LOAD d:/st/stm32cubeide_1.4.0/stm32cubeide/plugins/com.st.stm32cube.ide.mcu.externaltools.gnu-tools-for-stm32.7-2018-q2-update.win32_1.4.0.202007081208/tools/bin/../lib/gcc/arm-none-eabi/7.3.1/../../../../arm-none-eabi/lib/thumb/v7e-m/fpv4-sp/hard\libnosys.a
END GROUP
LOAD d:/st/stm32cubeide_1.4.0/stm32cubeide/plugins/com.st.stm32cube.ide.mcu.externaltools.gnu-tools-for-stm32.7-2018-q2-update.win32_1.4.0.202007081208/tools/bin/../lib/gcc/arm-none-eabi/7.3.1/thumb/v7e-m/fpv4-sp/hard/crtend.o
LOAD d:/st/stm32cubeide_1.4.0/stm32cubeide/plugins/com.st.stm32cube.ide.mcu.externaltools.gnu-tools-for-stm32.7-2018-q2-update.win32_1.4.0.202007081208/tools/bin/../lib/gcc/arm-none-eabi/7.3.1/thumb/v7e-m/fpv4-sp/hard/crtn.o
                0x0000000020003000                _estack = (ORIGIN (RAM) + LENGTH (RAM))
                0x0000000000000200                _Min_Heap_Size = 0x200
                0x0000000000000400                _Min_Stack_Size = 0x400

.isr_vector     0x0000000008000000      0x188
                0x0000000008000000                . = ALIGN (0x4)
 *(.isr_vector)
 .isr_vector    0x0000000008000000      0x188 Core/Startup/startup_stm32f303k8tx.o
                0x0000000008000000                g_pfnVectors
                0x0000000008000188                . = ALIGN (0x4)

.text           0x0000000008000190     0x4104
                0x0000000008000190                . = ALIGN (0x4)
 *(.text)
 .text          0x0000000008000190       0x40 d:/st/stm32cubeide_1.4.0/stm32cubeide/plugins/com.st.stm32cube.ide.mcu.externaltools.gnu-tools-for-stm32.7-2018-q2-update.win32_1.4.0.202007081208/tools/bin/../lib/gcc/arm-none-eabi/7.3.1/thumb/v7e-m/fpv4-sp/hard/crtbegin.o
 .text          0x00000000080001d0       0x10 d:/st/stm32cubeide_1.4.0/stm32cubeide/plugins/com.st.stm32cube.ide.mcu.externaltools.gnu-tools-for-stm32.7-2018-q2-update.win32_1.4.0.202007081208/tools/bin/../lib/gcc/arm-none-eabi/7.3.1/../../../../arm-none-eabi/lib/thumb/v7e-m/fpv4-sp/hard\libc_nano.a(lib_a-strlen.o)
                0x00000000080001d0                strlen
 .text          0x00000000080001e0       0xa0 d:/st/stm32cubeide_1.4.0/stm32cubeide/plugins/com.st.stm32cube.ide.mcu.externaltools.gnu-tools-for-stm32.7-2018-q2-update.win32_1.4.0.202007081208/tools/bin/../lib/gcc/arm-none-eabi/7.3.1/../../../../arm-none-eabi/lib/thumb/v7e-m/fpv4-sp/hard\libc_nano.a(lib_a-memchr.o)
                0x00000000080001e0                memchr
 *(.text*)
 .text.main     0x0000000008000280       0x98 Core/Src/main.o
                0x0000000008000280                main
 .text.SystemClock_Config
                0x0000000008000318       0xb0 Core/Src/main.o
                0x0000000008000318                SystemClock_Config
 .text.MX_ADC1_Init
                0x00000000080003c8       0xe0 Core/Src/main.o
 .text.MX_USART2_UART_Init
                0x00000000080004a8       0x60 Core/Src/main.o
 .text.MX_GPIO_Init
                0x0000000008000508       0x7c Core/Src/main.o
 .text.Error_Handler
                0x0000000008000584        0xe Core/Src/main.o
                0x0000000008000584                Error_Handler
 *fill*         0x0000000008000592        0x2 
 .text.HAL_MspInit
                0x0000000008000594       0x48 Core/Src/stm32f3xx_hal_msp.o
                0x0000000008000594                HAL_MspInit
 .text.HAL_ADC_MspInit
                0x00000000080005dc       0x78 Core/Src/stm32f3xx_hal_msp.o
                0x00000000080005dc                HAL_ADC_MspInit
 .text.HAL_UART_MspInit
                0x0000000008000654       0x84 Core/Src/stm32f3xx_hal_msp.o
                0x0000000008000654                HAL_UART_MspInit
 .text.NMI_Handler
                0x00000000080006d8        0xe Core/Src/stm32f3xx_it.o
                0x00000000080006d8                NMI_Handler
 .text.HardFault_Handler
                0x00000000080006e6        0x6 Core/Src/stm32f3xx_it.o
                0x00000000080006e6                HardFault_Handler
 .text.MemManage_Handler
                0x00000000080006ec        0x6 Core/Src/stm32f3xx_it.o
                0x00000000080006ec                MemManage_Handler
 .text.BusFault_Handler
                0x00000000080006f2        0x6 Core/Src/stm32f3xx_it.o
                0x00000000080006f2                BusFault_Handler
 .text.UsageFault_Handler
                0x00000000080006f8        0x6 Core/Src/stm32f3xx_it.o
                0x00000000080006f8                UsageFault_Handler
 .text.SVC_Handler
                0x00000000080006fe        0xe Core/Src/stm32f3xx_it.o
                0x00000000080006fe                SVC_Handler
 .text.DebugMon_Handler
                0x000000000800070c        0xe Core/Src/stm32f3xx_it.o
                0x000000000800070c                DebugMon_Handler
 .text.PendSV_Handler
                0x000000000800071a        0xe Core/Src/stm32f3xx_it.o
                0x000000000800071a                PendSV_Handler
 .text.SysTick_Handler
                0x0000000008000728        0xc Core/Src/stm32f3xx_it.o
                0x0000000008000728                SysTick_Handler
 .text._sbrk    0x0000000008000734       0x6c Core/Src/sysmem.o
                0x0000000008000734                _sbrk
 .text.SystemInit
                0x00000000080007a0       0x24 Core/Src/system_stm32f3xx.o
                0x00000000080007a0                SystemInit
 .text.Reset_Handler
                0x00000000080007c4       0x50 Core/Startup/startup_stm32f303k8tx.o
                0x00000000080007c4                Reset_Handler
 .text.Default_Handler
                0x0000000008000814        0x2 Core/Startup/startup_stm32f303k8tx.o
                0x0000000008000814                RTC_Alarm_IRQHandler
                0x0000000008000814                TIM1_CC_IRQHandler
                0x0000000008000814                PVD_IRQHandler
                0x0000000008000814                TAMP_STAMP_IRQHandler
                0x0000000008000814                EXTI3_IRQHandler
                0x0000000008000814                EXTI0_IRQHandler
                0x0000000008000814                FPU_IRQHandler
                0x0000000008000814                CAN_TX_IRQHandler
                0x0000000008000814                TIM1_UP_TIM16_IRQHandler
                0x0000000008000814                ADC1_2_IRQHandler
                0x0000000008000814                SPI1_IRQHandler
                0x0000000008000814                CAN_SCE_IRQHandler
                0x0000000008000814                DMA1_Channel4_IRQHandler
                0x0000000008000814                USART3_IRQHandler
                0x0000000008000814                DMA1_Channel7_IRQHandler
                0x0000000008000814                TIM7_DAC2_IRQHandler
                0x0000000008000814                CAN_RX1_IRQHandler
                0x0000000008000814                I2C1_EV_IRQHandler
                0x0000000008000814                DMA1_Channel6_IRQHandler
                0x0000000008000814                TIM3_IRQHandler
                0x0000000008000814                RCC_IRQHandler
                0x0000000008000814                DMA1_Channel1_IRQHandler
                0x0000000008000814                Default_Handler
                0x0000000008000814                EXTI15_10_IRQHandler
                0x0000000008000814                COMP2_IRQHandler
                0x0000000008000814                TIM6_DAC1_IRQHandler
                0x0000000008000814                EXTI9_5_IRQHandler
                0x0000000008000814                RTC_WKUP_IRQHandler
                0x0000000008000814                DMA1_Channel5_IRQHandler
                0x0000000008000814                EXTI4_IRQHandler
                0x0000000008000814                TIM1_TRG_COM_TIM17_IRQHandler
                0x0000000008000814                DMA1_Channel3_IRQHandler
                0x0000000008000814                WWDG_IRQHandler
                0x0000000008000814                TIM2_IRQHandler
                0x0000000008000814                EXTI1_IRQHandler
                0x0000000008000814                COMP4_6_IRQHandler
                0x0000000008000814                USART2_IRQHandler
                0x0000000008000814                DMA1_Channel2_IRQHandler
                0x0000000008000814                FLASH_IRQHandler
                0x0000000008000814                USART1_IRQHandler
                0x0000000008000814                CAN_RX0_IRQHandler
                0x0000000008000814                I2C1_ER_IRQHandler
                0x0000000008000814                EXTI2_TSC_IRQHandler
                0x0000000008000814                TIM1_BRK_TIM15_IRQHandler
 *fill*         0x0000000008000816        0x2 
 .text.HAL_Init
                0x0000000008000818       0x2c Drivers/STM32F3xx_HAL_Driver/Src/stm32f3xx_hal.o
                0x0000000008000818                HAL_Init
 .text.HAL_InitTick
                0x0000000008000844       0x60 Drivers/STM32F3xx_HAL_Driver/Src/stm32f3xx_hal.o
                0x0000000008000844                HAL_InitTick
 .text.HAL_IncTick
                0x00000000080008a4       0x28 Drivers/STM32F3xx_HAL_Driver/Src/stm32f3xx_hal.o
                0x00000000080008a4                HAL_IncTick
 .text.HAL_GetTick
                0x00000000080008cc       0x18 Drivers/STM32F3xx_HAL_Driver/Src/stm32f3xx_hal.o
                0x00000000080008cc                HAL_GetTick
 .text.HAL_Delay
                0x00000000080008e4       0x44 Drivers/STM32F3xx_HAL_Driver/Src/stm32f3xx_hal.o
                0x00000000080008e4                HAL_Delay
 .text.HAL_ADC_Init
                0x0000000008000928      0x324 Drivers/STM32F3xx_HAL_Driver/Src/stm32f3xx_hal_adc_ex.o
                0x0000000008000928                HAL_ADC_Init
 .text.HAL_ADC_Start
                0x0000000008000c4c      0x16c Drivers/STM32F3xx_HAL_Driver/Src/stm32f3xx_hal_adc_ex.o
                0x0000000008000c4c                HAL_ADC_Start
 .text.HAL_ADC_PollForConversion
                0x0000000008000db8      0x18c Drivers/STM32F3xx_HAL_Driver/Src/stm32f3xx_hal_adc_ex.o
                0x0000000008000db8                HAL_ADC_PollForConversion
 .text.HAL_ADC_GetValue
                0x0000000008000f44       0x1a Drivers/STM32F3xx_HAL_Driver/Src/stm32f3xx_hal_adc_ex.o
                0x0000000008000f44                HAL_ADC_GetValue
 *fill*         0x0000000008000f5e        0x2 
 .text.HAL_ADC_ConfigChannel
                0x0000000008000f60      0x584 Drivers/STM32F3xx_HAL_Driver/Src/stm32f3xx_hal_adc_ex.o
                0x0000000008000f60                HAL_ADC_ConfigChannel
 .text.HAL_ADCEx_MultiModeConfigChannel
                0x00000000080014e4      0x18c Drivers/STM32F3xx_HAL_Driver/Src/stm32f3xx_hal_adc_ex.o
                0x00000000080014e4                HAL_ADCEx_MultiModeConfigChannel
 .text.ADC_Enable
                0x0000000008001670       0xbc Drivers/STM32F3xx_HAL_Driver/Src/stm32f3xx_hal_adc_ex.o
 .text.ADC_Disable
                0x000000000800172c       0xbe Drivers/STM32F3xx_HAL_Driver/Src/stm32f3xx_hal_adc_ex.o
 *fill*         0x00000000080017ea        0x2 
 .text.__NVIC_SetPriorityGrouping
                0x00000000080017ec       0x48 Drivers/STM32F3xx_HAL_Driver/Src/stm32f3xx_hal_cortex.o
 .text.__NVIC_GetPriorityGrouping
                0x0000000008001834       0x1c Drivers/STM32F3xx_HAL_Driver/Src/stm32f3xx_hal_cortex.o
 .text.__NVIC_SetPriority
                0x0000000008001850       0x54 Drivers/STM32F3xx_HAL_Driver/Src/stm32f3xx_hal_cortex.o
 .text.NVIC_EncodePriority
                0x00000000080018a4       0x66 Drivers/STM32F3xx_HAL_Driver/Src/stm32f3xx_hal_cortex.o
 *fill*         0x000000000800190a        0x2 
 .text.SysTick_Config
                0x000000000800190c       0x44 Drivers/STM32F3xx_HAL_Driver/Src/stm32f3xx_hal_cortex.o
 .text.HAL_NVIC_SetPriorityGrouping
                0x0000000008001950       0x16 Drivers/STM32F3xx_HAL_Driver/Src/stm32f3xx_hal_cortex.o
                0x0000000008001950                HAL_NVIC_SetPriorityGrouping
 .text.HAL_NVIC_SetPriority
                0x0000000008001966       0x38 Drivers/STM32F3xx_HAL_Driver/Src/stm32f3xx_hal_cortex.o
                0x0000000008001966                HAL_NVIC_SetPriority
 .text.HAL_SYSTICK_Config
                0x000000000800199e       0x18 Drivers/STM32F3xx_HAL_Driver/Src/stm32f3xx_hal_cortex.o
                0x000000000800199e                HAL_SYSTICK_Config
 *fill*         0x00000000080019b6        0x2 
 .text.HAL_GPIO_Init
                0x00000000080019b8      0x2e4 Drivers/STM32F3xx_HAL_Driver/Src/stm32f3xx_hal_gpio.o
                0x00000000080019b8                HAL_GPIO_Init
 .text.HAL_GPIO_WritePin
                0x0000000008001c9c       0x30 Drivers/STM32F3xx_HAL_Driver/Src/stm32f3xx_hal_gpio.o
                0x0000000008001c9c                HAL_GPIO_WritePin
 .text.HAL_RCC_OscConfig
                0x0000000008001ccc      0xe10 Drivers/STM32F3xx_HAL_Driver/Src/stm32f3xx_hal_rcc.o
                0x0000000008001ccc                HAL_RCC_OscConfig
 .text.HAL_RCC_ClockConfig
                0x0000000008002adc      0x2f8 Drivers/STM32F3xx_HAL_Driver/Src/stm32f3xx_hal_rcc.o
                0x0000000008002adc                HAL_RCC_ClockConfig
 .text.HAL_RCC_GetSysClockFreq
                0x0000000008002dd4       0xd4 Drivers/STM32F3xx_HAL_Driver/Src/stm32f3xx_hal_rcc.o
                0x0000000008002dd4                HAL_RCC_GetSysClockFreq
 .text.HAL_RCC_GetHCLKFreq
                0x0000000008002ea8       0x18 Drivers/STM32F3xx_HAL_Driver/Src/stm32f3xx_hal_rcc.o
                0x0000000008002ea8                HAL_RCC_GetHCLKFreq
 .text.HAL_RCC_GetPCLK1Freq
                0x0000000008002ec0       0x44 Drivers/STM32F3xx_HAL_Driver/Src/stm32f3xx_hal_rcc.o
                0x0000000008002ec0                HAL_RCC_GetPCLK1Freq
 .text.HAL_RCC_GetPCLK2Freq
                0x0000000008002f04       0x44 Drivers/STM32F3xx_HAL_Driver/Src/stm32f3xx_hal_rcc.o
                0x0000000008002f04                HAL_RCC_GetPCLK2Freq
 .text.HAL_RCCEx_PeriphCLKConfig
                0x0000000008002f48      0x24c Drivers/STM32F3xx_HAL_Driver/Src/stm32f3xx_hal_rcc_ex.o
                0x0000000008002f48                HAL_RCCEx_PeriphCLKConfig
 .text.HAL_UART_Init
                0x0000000008003194       0x9c Drivers/STM32F3xx_HAL_Driver/Src/stm32f3xx_hal_uart.o
                0x0000000008003194                HAL_UART_Init
 .text.HAL_UART_Transmit
                0x0000000008003230      0x128 Drivers/STM32F3xx_HAL_Driver/Src/stm32f3xx_hal_uart.o
                0x0000000008003230                HAL_UART_Transmit
 .text.UART_SetConfig
                0x0000000008003358      0x270 Drivers/STM32F3xx_HAL_Driver/Src/stm32f3xx_hal_uart.o
                0x0000000008003358                UART_SetConfig
 .text.UART_AdvFeatureConfig
                0x00000000080035c8      0x144 Drivers/STM32F3xx_HAL_Driver/Src/stm32f3xx_hal_uart.o
                0x00000000080035c8                UART_AdvFeatureConfig
 .text.UART_CheckIdleState
                0x000000000800370c       0x92 Drivers/STM32F3xx_HAL_Driver/Src/stm32f3xx_hal_uart.o
                0x000000000800370c                UART_CheckIdleState
 .text.UART_WaitOnFlagUntilTimeout
                0x000000000800379e       0xf8 Drivers/STM32F3xx_HAL_Driver/Src/stm32f3xx_hal_uart.o
                0x000000000800379e                UART_WaitOnFlagUntilTimeout
 .text.atoi     0x0000000008003896        0x8 d:/st/stm32cubeide_1.4.0/stm32cubeide/plugins/com.st.stm32cube.ide.mcu.externaltools.gnu-tools-for-stm32.7-2018-q2-update.win32_1.4.0.202007081208/tools/bin/../lib/gcc/arm-none-eabi/7.3.1/../../../../arm-none-eabi/lib/thumb/v7e-m/fpv4-sp/hard\libc_nano.a(lib_a-atoi.o)
                0x0000000008003896                atoi
 *fill*         0x000000000800389e        0x2 
 .text.__errno  0x00000000080038a0        0xc d:/st/stm32cubeide_1.4.0/stm32cubeide/plugins/com.st.stm32cube.ide.mcu.externaltools.gnu-tools-for-stm32.7-2018-q2-update.win32_1.4.0.202007081208/tools/bin/../lib/gcc/arm-none-eabi/7.3.1/../../../../arm-none-eabi/lib/thumb/v7e-m/fpv4-sp/hard\libc_nano.a(lib_a-errno.o)
                0x00000000080038a0                __errno
 .text.__libc_init_array
                0x00000000080038ac       0x48 d:/st/stm32cubeide_1.4.0/stm32cubeide/plugins/com.st.stm32cube.ide.mcu.externaltools.gnu-tools-for-stm32.7-2018-q2-update.win32_1.4.0.202007081208/tools/bin/../lib/gcc/arm-none-eabi/7.3.1/../../../../arm-none-eabi/lib/thumb/v7e-m/fpv4-sp/hard\libc_nano.a(lib_a-init.o)
                0x00000000080038ac                __libc_init_array
 .text.memset   0x00000000080038f4       0x10 d:/st/stm32cubeide_1.4.0/stm32cubeide/plugins/com.st.stm32cube.ide.mcu.externaltools.gnu-tools-for-stm32.7-2018-q2-update.win32_1.4.0.202007081208/tools/bin/../lib/gcc/arm-none-eabi/7.3.1/../../../../arm-none-eabi/lib/thumb/v7e-m/fpv4-sp/hard\libc_nano.a(lib_a-memset.o)
                0x00000000080038f4                memset
 .text.sprintf  0x0000000008003904       0x40 d:/st/stm32cubeide_1.4.0/stm32cubeide/plugins/com.st.stm32cube.ide.mcu.externaltools.gnu-tools-for-stm32.7-2018-q2-update.win32_1.4.0.202007081208/tools/bin/../lib/gcc/arm-none-eabi/7.3.1/../../../../arm-none-eabi/lib/thumb/v7e-m/fpv4-sp/hard\libc_nano.a(lib_a-sprintf.o)
                0x0000000008003904                siprintf
                0x0000000008003904                sprintf
 .text._strtol_l.isra.0
                0x0000000008003944       0xf6 d:/st/stm32cubeide_1.4.0/stm32cubeide/plugins/com.st.stm32cube.ide.mcu.externaltools.gnu-tools-for-stm32.7-2018-q2-update.win32_1.4.0.202007081208/tools/bin/../lib/gcc/arm-none-eabi/7.3.1/../../../../arm-none-eabi/lib/thumb/v7e-m/fpv4-sp/hard\libc_nano.a(lib_a-strtol.o)
 *fill*         0x0000000008003a3a        0x2 
 .text.strtol   0x0000000008003a3c       0x2c d:/st/stm32cubeide_1.4.0/stm32cubeide/plugins/com.st.stm32cube.ide.mcu.externaltools.gnu-tools-for-stm32.7-2018-q2-update.win32_1.4.0.202007081208/tools/bin/../lib/gcc/arm-none-eabi/7.3.1/../../../../arm-none-eabi/lib/thumb/v7e-m/fpv4-sp/hard\libc_nano.a(lib_a-strtol.o)
                0x0000000008003a3c                strtol
 .text.__locale_ctype_ptr_l
                0x0000000008003a68        0x6 d:/st/stm32cubeide_1.4.0/stm32cubeide/plugins/com.st.stm32cube.ide.mcu.externaltools.gnu-tools-for-stm32.7-2018-q2-update.win32_1.4.0.202007081208/tools/bin/../lib/gcc/arm-none-eabi/7.3.1/../../../../arm-none-eabi/lib/thumb/v7e-m/fpv4-sp/hard\libc_nano.a(lib_a-locale.o)
                0x0000000008003a68                __locale_ctype_ptr_l
 .text.__ascii_mbtowc
                0x0000000008003a6e       0x24 d:/st/stm32cubeide_1.4.0/stm32cubeide/plugins/com.st.stm32cube.ide.mcu.externaltools.gnu-tools-for-stm32.7-2018-q2-update.win32_1.4.0.202007081208/tools/bin/../lib/gcc/arm-none-eabi/7.3.1/../../../../arm-none-eabi/lib/thumb/v7e-m/fpv4-sp/hard\libc_nano.a(lib_a-mbtowc_r.o)
                0x0000000008003a6e                __ascii_mbtowc
 .text.__ssputs_r
                0x0000000008003a92       0xb4 d:/st/stm32cubeide_1.4.0/stm32cubeide/plugins/com.st.stm32cube.ide.mcu.externaltools.gnu-tools-for-stm32.7-2018-q2-update.win32_1.4.0.202007081208/tools/bin/../lib/gcc/arm-none-eabi/7.3.1/../../../../arm-none-eabi/lib/thumb/v7e-m/fpv4-sp/hard\libc_nano.a(lib_a-nano-svfprintf.o)
                0x0000000008003a92                __ssputs_r
 *fill*         0x0000000008003b46        0x2 
 .text._svfprintf_r
                0x0000000008003b48      0x1f0 d:/st/stm32cubeide_1.4.0/stm32cubeide/plugins/com.st.stm32cube.ide.mcu.externaltools.gnu-tools-for-stm32.7-2018-q2-update.win32_1.4.0.202007081208/tools/bin/../lib/gcc/arm-none-eabi/7.3.1/../../../../arm-none-eabi/lib/thumb/v7e-m/fpv4-sp/hard\libc_nano.a(lib_a-nano-svfprintf.o)
                0x0000000008003b48                _svfiprintf_r
                0x0000000008003b48                _svfprintf_r
 .text._printf_common
                0x0000000008003d38       0xea d:/st/stm32cubeide_1.4.0/stm32cubeide/plugins/com.st.stm32cube.ide.mcu.externaltools.gnu-tools-for-stm32.7-2018-q2-update.win32_1.4.0.202007081208/tools/bin/../lib/gcc/arm-none-eabi/7.3.1/../../../../arm-none-eabi/lib/thumb/v7e-m/fpv4-sp/hard\libc_nano.a(lib_a-nano-vfprintf_i.o)
                0x0000000008003d38                _printf_common
 *fill*         0x0000000008003e22        0x2 
 .text._printf_i
                0x0000000008003e24      0x224 d:/st/stm32cubeide_1.4.0/stm32cubeide/plugins/com.st.stm32cube.ide.mcu.externaltools.gnu-tools-for-stm32.7-2018-q2-update.win32_1.4.0.202007081208/tools/bin/../lib/gcc/arm-none-eabi/7.3.1/../../../../arm-none-eabi/lib/thumb/v7e-m/fpv4-sp/hard\libc_nano.a(lib_a-nano-vfprintf_i.o)
                0x0000000008003e24                _printf_i
 .text.__ascii_wctomb
                0x0000000008004048       0x1a d:/st/stm32cubeide_1.4.0/stm32cubeide/plugins/com.st.stm32cube.ide.mcu.externaltools.gnu-tools-for-stm32.7-2018-q2-update.win32_1.4.0.202007081208/tools/bin/../lib/gcc/arm-none-eabi/7.3.1/../../../../arm-none-eabi/lib/thumb/v7e-m/fpv4-sp/hard\libc_nano.a(lib_a-wctomb_r.o)
                0x0000000008004048                __ascii_wctomb
 .text.memcpy   0x0000000008004062       0x16 d:/st/stm32cubeide_1.4.0/stm32cubeide/plugins/com.st.stm32cube.ide.mcu.externaltools.gnu-tools-for-stm32.7-2018-q2-update.win32_1.4.0.202007081208/tools/bin/../lib/gcc/arm-none-eabi/7.3.1/../../../../arm-none-eabi/lib/thumb/v7e-m/fpv4-sp/hard\libc_nano.a(lib_a-memcpy-stub.o)
                0x0000000008004062                memcpy
 .text.memmove  0x0000000008004078       0x32 d:/st/stm32cubeide_1.4.0/stm32cubeide/plugins/com.st.stm32cube.ide.mcu.externaltools.gnu-tools-for-stm32.7-2018-q2-update.win32_1.4.0.202007081208/tools/bin/../lib/gcc/arm-none-eabi/7.3.1/../../../../arm-none-eabi/lib/thumb/v7e-m/fpv4-sp/hard\libc_nano.a(lib_a-memmove.o)
                0x0000000008004078                memmove
 *fill*         0x00000000080040aa        0x2 
 .text._free_r  0x00000000080040ac       0x9c d:/st/stm32cubeide_1.4.0/stm32cubeide/plugins/com.st.stm32cube.ide.mcu.externaltools.gnu-tools-for-stm32.7-2018-q2-update.win32_1.4.0.202007081208/tools/bin/../lib/gcc/arm-none-eabi/7.3.1/../../../../arm-none-eabi/lib/thumb/v7e-m/fpv4-sp/hard\libc_nano.a(lib_a-nano-freer.o)
                0x00000000080040ac                _free_r
 .text._malloc_r
                0x0000000008004148       0xb4 d:/st/stm32cubeide_1.4.0/stm32cubeide/plugins/com.st.stm32cube.ide.mcu.externaltools.gnu-tools-for-stm32.7-2018-q2-update.win32_1.4.0.202007081208/tools/bin/../lib/gcc/arm-none-eabi/7.3.1/../../../../arm-none-eabi/lib/thumb/v7e-m/fpv4-sp/hard\libc_nano.a(lib_a-nano-mallocr.o)
                0x0000000008004148                _malloc_r
 .text._realloc_r
                0x00000000080041fc       0x4c d:/st/stm32cubeide_1.4.0/stm32cubeide/plugins/com.st.stm32cube.ide.mcu.externaltools.gnu-tools-for-stm32.7-2018-q2-update.win32_1.4.0.202007081208/tools/bin/../lib/gcc/arm-none-eabi/7.3.1/../../../../arm-none-eabi/lib/thumb/v7e-m/fpv4-sp/hard\libc_nano.a(lib_a-nano-reallocr.o)
                0x00000000080041fc                _realloc_r
 .text._sbrk_r  0x0000000008004248       0x20 d:/st/stm32cubeide_1.4.0/stm32cubeide/plugins/com.st.stm32cube.ide.mcu.externaltools.gnu-tools-for-stm32.7-2018-q2-update.win32_1.4.0.202007081208/tools/bin/../lib/gcc/arm-none-eabi/7.3.1/../../../../arm-none-eabi/lib/thumb/v7e-m/fpv4-sp/hard\libc_nano.a(lib_a-sbrkr.o)
                0x0000000008004248                _sbrk_r
 .text.__malloc_lock
                0x0000000008004268        0x2 d:/st/stm32cubeide_1.4.0/stm32cubeide/plugins/com.st.stm32cube.ide.mcu.externaltools.gnu-tools-for-stm32.7-2018-q2-update.win32_1.4.0.202007081208/tools/bin/../lib/gcc/arm-none-eabi/7.3.1/../../../../arm-none-eabi/lib/thumb/v7e-m/fpv4-sp/hard\libc_nano.a(lib_a-mlock.o)
                0x0000000008004268                __malloc_lock
 .text.__malloc_unlock
                0x000000000800426a        0x2 d:/st/stm32cubeide_1.4.0/stm32cubeide/plugins/com.st.stm32cube.ide.mcu.externaltools.gnu-tools-for-stm32.7-2018-q2-update.win32_1.4.0.202007081208/tools/bin/../lib/gcc/arm-none-eabi/7.3.1/../../../../arm-none-eabi/lib/thumb/v7e-m/fpv4-sp/hard\libc_nano.a(lib_a-mlock.o)
                0x000000000800426a                __malloc_unlock
 .text._malloc_usable_size_r
                0x000000000800426c       0x10 d:/st/stm32cubeide_1.4.0/stm32cubeide/plugins/com.st.stm32cube.ide.mcu.externaltools.gnu-tools-for-stm32.7-2018-q2-update.win32_1.4.0.202007081208/tools/bin/../lib/gcc/arm-none-eabi/7.3.1/../../../../arm-none-eabi/lib/thumb/v7e-m/fpv4-sp/hard\libc_nano.a(lib_a-nano-msizer.o)
                0x000000000800426c                _malloc_usable_size_r
 *(.glue_7)
 .glue_7        0x000000000800427c        0x0 linker stubs
 *(.glue_7t)
 .glue_7t       0x000000000800427c        0x0 linker stubs
 *(.eh_frame)
 .eh_frame      0x000000000800427c        0x0 d:/st/stm32cubeide_1.4.0/stm32cubeide/plugins/com.st.stm32cube.ide.mcu.externaltools.gnu-tools-for-stm32.7-2018-q2-update.win32_1.4.0.202007081208/tools/bin/../lib/gcc/arm-none-eabi/7.3.1/thumb/v7e-m/fpv4-sp/hard/crtbegin.o
 *(.init)
 .init          0x000000000800427c        0x4 d:/st/stm32cubeide_1.4.0/stm32cubeide/plugins/com.st.stm32cube.ide.mcu.externaltools.gnu-tools-for-stm32.7-2018-q2-update.win32_1.4.0.202007081208/tools/bin/../lib/gcc/arm-none-eabi/7.3.1/thumb/v7e-m/fpv4-sp/hard/crti.o
                0x000000000800427c                _init
 .init          0x0000000008004280        0x8 d:/st/stm32cubeide_1.4.0/stm32cubeide/plugins/com.st.stm32cube.ide.mcu.externaltools.gnu-tools-for-stm32.7-2018-q2-update.win32_1.4.0.202007081208/tools/bin/../lib/gcc/arm-none-eabi/7.3.1/thumb/v7e-m/fpv4-sp/hard/crtn.o
 *(.fini)
 .fini          0x0000000008004288        0x4 d:/st/stm32cubeide_1.4.0/stm32cubeide/plugins/com.st.stm32cube.ide.mcu.externaltools.gnu-tools-for-stm32.7-2018-q2-update.win32_1.4.0.202007081208/tools/bin/../lib/gcc/arm-none-eabi/7.3.1/thumb/v7e-m/fpv4-sp/hard/crti.o
                0x0000000008004288                _fini
 .fini          0x000000000800428c        0x8 d:/st/stm32cubeide_1.4.0/stm32cubeide/plugins/com.st.stm32cube.ide.mcu.externaltools.gnu-tools-for-stm32.7-2018-q2-update.win32_1.4.0.202007081208/tools/bin/../lib/gcc/arm-none-eabi/7.3.1/thumb/v7e-m/fpv4-sp/hard/crtn.o
                0x0000000008004294                . = ALIGN (0x4)
                0x0000000008004294                _etext = .

.vfp11_veneer   0x0000000008004294        0x0
 .vfp11_veneer  0x0000000008004294        0x0 linker stubs

.v4_bx          0x0000000008004294        0x0
 .v4_bx         0x0000000008004294        0x0 linker stubs

.iplt           0x0000000008004294        0x0
 .iplt          0x0000000008004294        0x0 d:/st/stm32cubeide_1.4.0/stm32cubeide/plugins/com.st.stm32cube.ide.mcu.externaltools.gnu-tools-for-stm32.7-2018-q2-update.win32_1.4.0.202007081208/tools/bin/../lib/gcc/arm-none-eabi/7.3.1/thumb/v7e-m/fpv4-sp/hard/crtbegin.o

.rodata         0x0000000008004294      0x180
                0x0000000008004294                . = ALIGN (0x4)
 *(.rodata)
 .rodata        0x0000000008004294        0x6 Core/Src/main.o
 *(.rodata*)
 *fill*         0x000000000800429a        0x2 
 .rodata.AHBPrescTable
                0x000000000800429c       0x10 Core/Src/system_stm32f3xx.o
                0x000000000800429c                AHBPrescTable
 .rodata.APBPrescTable
                0x00000000080042ac        0x8 Core/Src/system_stm32f3xx.o
                0x00000000080042ac                APBPrescTable
 .rodata.aPLLMULFactorTable
                0x00000000080042b4       0x10 Drivers/STM32F3xx_HAL_Driver/Src/stm32f3xx_hal_rcc.o
                0x00000000080042b4                aPLLMULFactorTable
 .rodata.aPredivFactorTable
                0x00000000080042c4       0x10 Drivers/STM32F3xx_HAL_Driver/Src/stm32f3xx_hal_rcc.o
                0x00000000080042c4                aPredivFactorTable
 .rodata._setlocale_r.str1.1
                0x00000000080042d4        0x8 d:/st/stm32cubeide_1.4.0/stm32cubeide/plugins/com.st.stm32cube.ide.mcu.externaltools.gnu-tools-for-stm32.7-2018-q2-update.win32_1.4.0.202007081208/tools/bin/../lib/gcc/arm-none-eabi/7.3.1/../../../../arm-none-eabi/lib/thumb/v7e-m/fpv4-sp/hard\libc_nano.a(lib_a-locale.o)
                                          0x9 (size before relaxing)
 .rodata.str1.1
                0x00000000080042dc        0x2 d:/st/stm32cubeide_1.4.0/stm32cubeide/plugins/com.st.stm32cube.ide.mcu.externaltools.gnu-tools-for-stm32.7-2018-q2-update.win32_1.4.0.202007081208/tools/bin/../lib/gcc/arm-none-eabi/7.3.1/../../../../arm-none-eabi/lib/thumb/v7e-m/fpv4-sp/hard\libc_nano.a(lib_a-locale.o)
 .rodata._svfprintf_r.str1.1
                0x00000000080042de       0x11 d:/st/stm32cubeide_1.4.0/stm32cubeide/plugins/com.st.stm32cube.ide.mcu.externaltools.gnu-tools-for-stm32.7-2018-q2-update.win32_1.4.0.202007081208/tools/bin/../lib/gcc/arm-none-eabi/7.3.1/../../../../arm-none-eabi/lib/thumb/v7e-m/fpv4-sp/hard\libc_nano.a(lib_a-nano-svfprintf.o)
 .rodata._printf_i.str1.1
                0x00000000080042ef       0x22 d:/st/stm32cubeide_1.4.0/stm32cubeide/plugins/com.st.stm32cube.ide.mcu.externaltools.gnu-tools-for-stm32.7-2018-q2-update.win32_1.4.0.202007081208/tools/bin/../lib/gcc/arm-none-eabi/7.3.1/../../../../arm-none-eabi/lib/thumb/v7e-m/fpv4-sp/hard\libc_nano.a(lib_a-nano-vfprintf_i.o)
 .rodata._ctype_
                0x0000000008004311      0x101 d:/st/stm32cubeide_1.4.0/stm32cubeide/plugins/com.st.stm32cube.ide.mcu.externaltools.gnu-tools-for-stm32.7-2018-q2-update.win32_1.4.0.202007081208/tools/bin/../lib/gcc/arm-none-eabi/7.3.1/../../../../arm-none-eabi/lib/thumb/v7e-m/fpv4-sp/hard\libc_nano.a(lib_a-ctype_.o)
                0x0000000008004311                _ctype_
                0x0000000008004414                . = ALIGN (0x4)
 *fill*         0x0000000008004412        0x2 

.rel.dyn        0x0000000008004414        0x0
 .rel.iplt      0x0000000008004414        0x0 d:/st/stm32cubeide_1.4.0/stm32cubeide/plugins/com.st.stm32cube.ide.mcu.externaltools.gnu-tools-for-stm32.7-2018-q2-update.win32_1.4.0.202007081208/tools/bin/../lib/gcc/arm-none-eabi/7.3.1/thumb/v7e-m/fpv4-sp/hard/crtbegin.o

.ARM.extab      0x0000000008004414        0x0
                0x0000000008004414                . = ALIGN (0x4)
 *(.ARM.extab* .gnu.linkonce.armextab.*)
                0x0000000008004414                . = ALIGN (0x4)

.ARM            0x0000000008004414        0x0
                0x0000000008004414                . = ALIGN (0x4)
                0x0000000008004414                __exidx_start = .
 *(.ARM.exidx*)
                0x0000000008004414                __exidx_end = .
                0x0000000008004414                . = ALIGN (0x4)

.preinit_array  0x0000000008004414        0x0
                0x0000000008004414                . = ALIGN (0x4)
                0x0000000008004414                PROVIDE (__preinit_array_start = .)
 *(.preinit_array*)
                0x0000000008004414                PROVIDE (__preinit_array_end = .)
                0x0000000008004414                . = ALIGN (0x4)

.init_array     0x0000000008004414        0x4
                0x0000000008004414                . = ALIGN (0x4)
                0x0000000008004414                PROVIDE (__init_array_start = .)
 *(SORT_BY_NAME(.init_array.*))
 *(.init_array*)
 .init_array    0x0000000008004414        0x4 d:/st/stm32cubeide_1.4.0/stm32cubeide/plugins/com.st.stm32cube.ide.mcu.externaltools.gnu-tools-for-stm32.7-2018-q2-update.win32_1.4.0.202007081208/tools/bin/../lib/gcc/arm-none-eabi/7.3.1/thumb/v7e-m/fpv4-sp/hard/crtbegin.o
                0x0000000008004418                PROVIDE (__init_array_end = .)
                0x0000000008004418                . = ALIGN (0x4)

.fini_array     0x0000000008004418        0x4
                0x0000000008004418                . = ALIGN (0x4)
                [!provide]                        PROVIDE (__fini_array_start = .)
 *(SORT_BY_NAME(.fini_array.*))
 *(.fini_array*)
 .fini_array    0x0000000008004418        0x4 d:/st/stm32cubeide_1.4.0/stm32cubeide/plugins/com.st.stm32cube.ide.mcu.externaltools.gnu-tools-for-stm32.7-2018-q2-update.win32_1.4.0.202007081208/tools/bin/../lib/gcc/arm-none-eabi/7.3.1/thumb/v7e-m/fpv4-sp/hard/crtbegin.o
                [!provide]                        PROVIDE (__fini_array_end = .)
                0x000000000800441c                . = ALIGN (0x4)
                0x000000000800441c                _sidata = LOADADDR (.data)

.data           0x0000000020000000      0x1dc load address 0x000000000800441c
                0x0000000020000000                . = ALIGN (0x4)
                0x0000000020000000                _sdata = .
 *(.data)
 *(.data*)
 .data.SystemCoreClock
                0x0000000020000000        0x4 Core/Src/system_stm32f3xx.o
                0x0000000020000000                SystemCoreClock
 .data.uwTickPrio
                0x0000000020000004        0x4 Drivers/STM32F3xx_HAL_Driver/Src/stm32f3xx_hal.o
                0x0000000020000004                uwTickPrio
 .data.uwTickFreq
                0x0000000020000008        0x1 Drivers/STM32F3xx_HAL_Driver/Src/stm32f3xx_hal.o
                0x0000000020000008                uwTickFreq
 *fill*         0x0000000020000009        0x3 
 .data._impure_ptr
                0x000000002000000c        0x4 d:/st/stm32cubeide_1.4.0/stm32cubeide/plugins/com.st.stm32cube.ide.mcu.externaltools.gnu-tools-for-stm32.7-2018-q2-update.win32_1.4.0.202007081208/tools/bin/../lib/gcc/arm-none-eabi/7.3.1/../../../../arm-none-eabi/lib/thumb/v7e-m/fpv4-sp/hard\libc_nano.a(lib_a-impure.o)
                0x000000002000000c                _impure_ptr
 .data.impure_data
                0x0000000020000010       0x60 d:/st/stm32cubeide_1.4.0/stm32cubeide/plugins/com.st.stm32cube.ide.mcu.externaltools.gnu-tools-for-stm32.7-2018-q2-update.win32_1.4.0.202007081208/tools/bin/../lib/gcc/arm-none-eabi/7.3.1/../../../../arm-none-eabi/lib/thumb/v7e-m/fpv4-sp/hard\libc_nano.a(lib_a-impure.o)
 .data.__global_locale
                0x0000000020000070      0x16c d:/st/stm32cubeide_1.4.0/stm32cubeide/plugins/com.st.stm32cube.ide.mcu.externaltools.gnu-tools-for-stm32.7-2018-q2-update.win32_1.4.0.202007081208/tools/bin/../lib/gcc/arm-none-eabi/7.3.1/../../../../arm-none-eabi/lib/thumb/v7e-m/fpv4-sp/hard\libc_nano.a(lib_a-locale.o)
                0x0000000020000070                __global_locale
                0x00000000200001dc                . = ALIGN (0x4)
                0x00000000200001dc                _edata = .

.igot.plt       0x00000000200001dc        0x0 load address 0x00000000080045f8
 .igot.plt      0x00000000200001dc        0x0 d:/st/stm32cubeide_1.4.0/stm32cubeide/plugins/com.st.stm32cube.ide.mcu.externaltools.gnu-tools-for-stm32.7-2018-q2-update.win32_1.4.0.202007081208/tools/bin/../lib/gcc/arm-none-eabi/7.3.1/thumb/v7e-m/fpv4-sp/hard/crtbegin.o
                0x00000000200001dc                . = ALIGN (0x4)

.bss            0x00000000200001dc      0x104 load address 0x00000000080045f8
                0x00000000200001dc                _sbss = .
                0x00000000200001dc                __bss_start__ = _sbss
 *(.bss)
 .bss           0x00000000200001dc       0x1c d:/st/stm32cubeide_1.4.0/stm32cubeide/plugins/com.st.stm32cube.ide.mcu.externaltools.gnu-tools-for-stm32.7-2018-q2-update.win32_1.4.0.202007081208/tools/bin/../lib/gcc/arm-none-eabi/7.3.1/thumb/v7e-m/fpv4-sp/hard/crtbegin.o
 *(.bss*)
 .bss.__sbrk_heap_end
                0x00000000200001f8        0x4 Core/Src/sysmem.o
 .bss.__malloc_free_list
                0x00000000200001fc        0x4 d:/st/stm32cubeide_1.4.0/stm32cubeide/plugins/com.st.stm32cube.ide.mcu.externaltools.gnu-tools-for-stm32.7-2018-q2-update.win32_1.4.0.202007081208/tools/bin/../lib/gcc/arm-none-eabi/7.3.1/../../../../arm-none-eabi/lib/thumb/v7e-m/fpv4-sp/hard\libc_nano.a(lib_a-nano-mallocr.o)
                0x00000000200001fc                __malloc_free_list
 .bss.__malloc_sbrk_start
                0x0000000020000200        0x4 d:/st/stm32cubeide_1.4.0/stm32cubeide/plugins/com.st.stm32cube.ide.mcu.externaltools.gnu-tools-for-stm32.7-2018-q2-update.win32_1.4.0.202007081208/tools/bin/../lib/gcc/arm-none-eabi/7.3.1/../../../../arm-none-eabi/lib/thumb/v7e-m/fpv4-sp/hard\libc_nano.a(lib_a-nano-mallocr.o)
                0x0000000020000200                __malloc_sbrk_start
 *(COMMON)
 COMMON         0x0000000020000204       0xd4 Core/Src/main.o
                0x0000000020000204                hadc1
                0x0000000020000254                huart2
 COMMON         0x00000000200002d8        0x4 Drivers/STM32F3xx_HAL_Driver/Src/stm32f3xx_hal.o
                0x00000000200002d8                uwTick
 COMMON         0x00000000200002dc        0x4 d:/st/stm32cubeide_1.4.0/stm32cubeide/plugins/com.st.stm32cube.ide.mcu.externaltools.gnu-tools-for-stm32.7-2018-q2-update.win32_1.4.0.202007081208/tools/bin/../lib/gcc/arm-none-eabi/7.3.1/../../../../arm-none-eabi/lib/thumb/v7e-m/fpv4-sp/hard\libc_nano.a(lib_a-reent.o)
                0x00000000200002dc                errno
                0x00000000200002e0                . = ALIGN (0x4)
                0x00000000200002e0                _ebss = .
                0x00000000200002e0                __bss_end__ = _ebss

._user_heap_stack
                0x00000000200002e0      0x600 load address 0x00000000080045f8
                0x00000000200002e0                . = ALIGN (0x8)
                [!provide]                        PROVIDE (end = .)
                0x00000000200002e0                PROVIDE (_end = .)
                0x00000000200004e0                . = (. + _Min_Heap_Size)
 *fill*         0x00000000200002e0      0x200 
                0x00000000200008e0                . = (. + _Min_Stack_Size)
 *fill*         0x00000000200004e0      0x400 
                0x00000000200008e0                . = ALIGN (0x8)

/DISCARD/
 libc.a(*)
 libm.a(*)
 libgcc.a(*)

.ARM.attributes
                0x0000000000000000       0x30
 *(.ARM.attributes)
 .ARM.attributes
                0x0000000000000000       0x22 d:/st/stm32cubeide_1.4.0/stm32cubeide/plugins/com.st.stm32cube.ide.mcu.externaltools.gnu-tools-for-stm32.7-2018-q2-update.win32_1.4.0.202007081208/tools/bin/../lib/gcc/arm-none-eabi/7.3.1/thumb/v7e-m/fpv4-sp/hard/crti.o
 .ARM.attributes
                0x0000000000000022       0x34 d:/st/stm32cubeide_1.4.0/stm32cubeide/plugins/com.st.stm32cube.ide.mcu.externaltools.gnu-tools-for-stm32.7-2018-q2-update.win32_1.4.0.202007081208/tools/bin/../lib/gcc/arm-none-eabi/7.3.1/thumb/v7e-m/fpv4-sp/hard/crtbegin.o
 .ARM.attributes
                0x0000000000000056       0x39 Core/Src/main.o
 .ARM.attributes
                0x000000000000008f       0x39 Core/Src/stm32f3xx_hal_msp.o
 .ARM.attributes
                0x00000000000000c8       0x39 Core/Src/stm32f3xx_it.o
 .ARM.attributes
                0x0000000000000101       0x39 Core/Src/sysmem.o
 .ARM.attributes
                0x000000000000013a       0x39 Core/Src/system_stm32f3xx.o
 .ARM.attributes
                0x0000000000000173       0x21 Core/Startup/startup_stm32f303k8tx.o
 .ARM.attributes
                0x0000000000000194       0x39 Drivers/STM32F3xx_HAL_Driver/Src/stm32f3xx_hal.o
 .ARM.attributes
                0x00000000000001cd       0x39 Drivers/STM32F3xx_HAL_Driver/Src/stm32f3xx_hal_adc_ex.o
 .ARM.attributes
                0x0000000000000206       0x39 Drivers/STM32F3xx_HAL_Driver/Src/stm32f3xx_hal_cortex.o
 .ARM.attributes
                0x000000000000023f       0x39 Drivers/STM32F3xx_HAL_Driver/Src/stm32f3xx_hal_gpio.o
 .ARM.attributes
                0x0000000000000278       0x39 Drivers/STM32F3xx_HAL_Driver/Src/stm32f3xx_hal_rcc.o
 .ARM.attributes
                0x00000000000002b1       0x39 Drivers/STM32F3xx_HAL_Driver/Src/stm32f3xx_hal_rcc_ex.o
 .ARM.attributes
                0x00000000000002ea       0x39 Drivers/STM32F3xx_HAL_Driver/Src/stm32f3xx_hal_uart.o
 .ARM.attributes
                0x0000000000000323       0x34 d:/st/stm32cubeide_1.4.0/stm32cubeide/plugins/com.st.stm32cube.ide.mcu.externaltools.gnu-tools-for-stm32.7-2018-q2-update.win32_1.4.0.202007081208/tools/bin/../lib/gcc/arm-none-eabi/7.3.1/../../../../arm-none-eabi/lib/thumb/v7e-m/fpv4-sp/hard\libc_nano.a(lib_a-atoi.o)
 .ARM.attributes
                0x0000000000000357       0x34 d:/st/stm32cubeide_1.4.0/stm32cubeide/plugins/com.st.stm32cube.ide.mcu.externaltools.gnu-tools-for-stm32.7-2018-q2-update.win32_1.4.0.202007081208/tools/bin/../lib/gcc/arm-none-eabi/7.3.1/../../../../arm-none-eabi/lib/thumb/v7e-m/fpv4-sp/hard\libc_nano.a(lib_a-errno.o)
 .ARM.attributes
                0x000000000000038b       0x34 d:/st/stm32cubeide_1.4.0/stm32cubeide/plugins/com.st.stm32cube.ide.mcu.externaltools.gnu-tools-for-stm32.7-2018-q2-update.win32_1.4.0.202007081208/tools/bin/../lib/gcc/arm-none-eabi/7.3.1/../../../../arm-none-eabi/lib/thumb/v7e-m/fpv4-sp/hard\libc_nano.a(lib_a-impure.o)
 .ARM.attributes
                0x00000000000003bf       0x34 d:/st/stm32cubeide_1.4.0/stm32cubeide/plugins/com.st.stm32cube.ide.mcu.externaltools.gnu-tools-for-stm32.7-2018-q2-update.win32_1.4.0.202007081208/tools/bin/../lib/gcc/arm-none-eabi/7.3.1/../../../../arm-none-eabi/lib/thumb/v7e-m/fpv4-sp/hard\libc_nano.a(lib_a-init.o)
 .ARM.attributes
                0x00000000000003f3       0x34 d:/st/stm32cubeide_1.4.0/stm32cubeide/plugins/com.st.stm32cube.ide.mcu.externaltools.gnu-tools-for-stm32.7-2018-q2-update.win32_1.4.0.202007081208/tools/bin/../lib/gcc/arm-none-eabi/7.3.1/../../../../arm-none-eabi/lib/thumb/v7e-m/fpv4-sp/hard\libc_nano.a(lib_a-memset.o)
 .ARM.attributes
                0x0000000000000427       0x34 d:/st/stm32cubeide_1.4.0/stm32cubeide/plugins/com.st.stm32cube.ide.mcu.externaltools.gnu-tools-for-stm32.7-2018-q2-update.win32_1.4.0.202007081208/tools/bin/../lib/gcc/arm-none-eabi/7.3.1/../../../../arm-none-eabi/lib/thumb/v7e-m/fpv4-sp/hard\libc_nano.a(lib_a-sprintf.o)
 .ARM.attributes
                0x000000000000045b       0x1b d:/st/stm32cubeide_1.4.0/stm32cubeide/plugins/com.st.stm32cube.ide.mcu.externaltools.gnu-tools-for-stm32.7-2018-q2-update.win32_1.4.0.202007081208/tools/bin/../lib/gcc/arm-none-eabi/7.3.1/../../../../arm-none-eabi/lib/thumb/v7e-m/fpv4-sp/hard\libc_nano.a(lib_a-strlen.o)
 .ARM.attributes
                0x0000000000000476       0x34 d:/st/stm32cubeide_1.4.0/stm32cubeide/plugins/com.st.stm32cube.ide.mcu.externaltools.gnu-tools-for-stm32.7-2018-q2-update.win32_1.4.0.202007081208/tools/bin/../lib/gcc/arm-none-eabi/7.3.1/../../../../arm-none-eabi/lib/thumb/v7e-m/fpv4-sp/hard\libc_nano.a(lib_a-strtol.o)
 .ARM.attributes
                0x00000000000004aa       0x34 d:/st/stm32cubeide_1.4.0/stm32cubeide/plugins/com.st.stm32cube.ide.mcu.externaltools.gnu-tools-for-stm32.7-2018-q2-update.win32_1.4.0.202007081208/tools/bin/../lib/gcc/arm-none-eabi/7.3.1/../../../../arm-none-eabi/lib/thumb/v7e-m/fpv4-sp/hard\libc_nano.a(lib_a-locale.o)
 .ARM.attributes
                0x00000000000004de       0x34 d:/st/stm32cubeide_1.4.0/stm32cubeide/plugins/com.st.stm32cube.ide.mcu.externaltools.gnu-tools-for-stm32.7-2018-q2-update.win32_1.4.0.202007081208/tools/bin/../lib/gcc/arm-none-eabi/7.3.1/../../../../arm-none-eabi/lib/thumb/v7e-m/fpv4-sp/hard\libc_nano.a(lib_a-mbtowc_r.o)
 .ARM.attributes
                0x0000000000000512       0x34 d:/st/stm32cubeide_1.4.0/stm32cubeide/plugins/com.st.stm32cube.ide.mcu.externaltools.gnu-tools-for-stm32.7-2018-q2-update.win32_1.4.0.202007081208/tools/bin/../lib/gcc/arm-none-eabi/7.3.1/../../../../arm-none-eabi/lib/thumb/v7e-m/fpv4-sp/hard\libc_nano.a(lib_a-nano-svfprintf.o)
 .ARM.attributes
                0x0000000000000546       0x34 d:/st/stm32cubeide_1.4.0/stm32cubeide/plugins/com.st.stm32cube.ide.mcu.externaltools.gnu-tools-for-stm32.7-2018-q2-update.win32_1.4.0.202007081208/tools/bin/../lib/gcc/arm-none-eabi/7.3.1/../../../../arm-none-eabi/lib/thumb/v7e-m/fpv4-sp/hard\libc_nano.a(lib_a-nano-vfprintf_i.o)
 .ARM.attributes
                0x000000000000057a       0x34 d:/st/stm32cubeide_1.4.0/stm32cubeide/plugins/com.st.stm32cube.ide.mcu.externaltools.gnu-tools-for-stm32.7-2018-q2-update.win32_1.4.0.202007081208/tools/bin/../lib/gcc/arm-none-eabi/7.3.1/../../../../arm-none-eabi/lib/thumb/v7e-m/fpv4-sp/hard\libc_nano.a(lib_a-wctomb_r.o)
 .ARM.attributes
                0x00000000000005ae       0x34 d:/st/stm32cubeide_1.4.0/stm32cubeide/plugins/com.st.stm32cube.ide.mcu.externaltools.gnu-tools-for-stm32.7-2018-q2-update.win32_1.4.0.202007081208/tools/bin/../lib/gcc/arm-none-eabi/7.3.1/../../../../arm-none-eabi/lib/thumb/v7e-m/fpv4-sp/hard\libc_nano.a(lib_a-ctype_.o)
 .ARM.attributes
                0x00000000000005e2       0x20 d:/st/stm32cubeide_1.4.0/stm32cubeide/plugins/com.st.stm32cube.ide.mcu.externaltools.gnu-tools-for-stm32.7-2018-q2-update.win32_1.4.0.202007081208/tools/bin/../lib/gcc/arm-none-eabi/7.3.1/../../../../arm-none-eabi/lib/thumb/v7e-m/fpv4-sp/hard\libc_nano.a(lib_a-memchr.o)
 .ARM.attributes
                0x0000000000000602       0x34 d:/st/stm32cubeide_1.4.0/stm32cubeide/plugins/com.st.stm32cube.ide.mcu.externaltools.gnu-tools-for-stm32.7-2018-q2-update.win32_1.4.0.202007081208/tools/bin/../lib/gcc/arm-none-eabi/7.3.1/../../../../arm-none-eabi/lib/thumb/v7e-m/fpv4-sp/hard\libc_nano.a(lib_a-memcpy-stub.o)
 .ARM.attributes
                0x0000000000000636       0x34 d:/st/stm32cubeide_1.4.0/stm32cubeide/plugins/com.st.stm32cube.ide.mcu.externaltools.gnu-tools-for-stm32.7-2018-q2-update.win32_1.4.0.202007081208/tools/bin/../lib/gcc/arm-none-eabi/7.3.1/../../../../arm-none-eabi/lib/thumb/v7e-m/fpv4-sp/hard\libc_nano.a(lib_a-memmove.o)
 .ARM.attributes
                0x000000000000066a       0x34 d:/st/stm32cubeide_1.4.0/stm32cubeide/plugins/com.st.stm32cube.ide.mcu.externaltools.gnu-tools-for-stm32.7-2018-q2-update.win32_1.4.0.202007081208/tools/bin/../lib/gcc/arm-none-eabi/7.3.1/../../../../arm-none-eabi/lib/thumb/v7e-m/fpv4-sp/hard\libc_nano.a(lib_a-nano-freer.o)
 .ARM.attributes
                0x000000000000069e       0x34 d:/st/stm32cubeide_1.4.0/stm32cubeide/plugins/com.st.stm32cube.ide.mcu.externaltools.gnu-tools-for-stm32.7-2018-q2-update.win32_1.4.0.202007081208/tools/bin/../lib/gcc/arm-none-eabi/7.3.1/../../../../arm-none-eabi/lib/thumb/v7e-m/fpv4-sp/hard\libc_nano.a(lib_a-nano-mallocr.o)
 .ARM.attributes
                0x00000000000006d2       0x34 d:/st/stm32cubeide_1.4.0/stm32cubeide/plugins/com.st.stm32cube.ide.mcu.externaltools.gnu-tools-for-stm32.7-2018-q2-update.win32_1.4.0.202007081208/tools/bin/../lib/gcc/arm-none-eabi/7.3.1/../../../../arm-none-eabi/lib/thumb/v7e-m/fpv4-sp/hard\libc_nano.a(lib_a-nano-reallocr.o)
 .ARM.attributes
                0x0000000000000706       0x34 d:/st/stm32cubeide_1.4.0/stm32cubeide/plugins/com.st.stm32cube.ide.mcu.externaltools.gnu-tools-for-stm32.7-2018-q2-update.win32_1.4.0.202007081208/tools/bin/../lib/gcc/arm-none-eabi/7.3.1/../../../../arm-none-eabi/lib/thumb/v7e-m/fpv4-sp/hard\libc_nano.a(lib_a-sbrkr.o)
 .ARM.attributes
                0x000000000000073a       0x34 d:/st/stm32cubeide_1.4.0/stm32cubeide/plugins/com.st.stm32cube.ide.mcu.externaltools.gnu-tools-for-stm32.7-2018-q2-update.win32_1.4.0.202007081208/tools/bin/../lib/gcc/arm-none-eabi/7.3.1/../../../../arm-none-eabi/lib/thumb/v7e-m/fpv4-sp/hard\libc_nano.a(lib_a-mlock.o)
 .ARM.attributes
                0x000000000000076e       0x34 d:/st/stm32cubeide_1.4.0/stm32cubeide/plugins/com.st.stm32cube.ide.mcu.externaltools.gnu-tools-for-stm32.7-2018-q2-update.win32_1.4.0.202007081208/tools/bin/../lib/gcc/arm-none-eabi/7.3.1/../../../../arm-none-eabi/lib/thumb/v7e-m/fpv4-sp/hard\libc_nano.a(lib_a-nano-msizer.o)
 .ARM.attributes
                0x00000000000007a2       0x34 d:/st/stm32cubeide_1.4.0/stm32cubeide/plugins/com.st.stm32cube.ide.mcu.externaltools.gnu-tools-for-stm32.7-2018-q2-update.win32_1.4.0.202007081208/tools/bin/../lib/gcc/arm-none-eabi/7.3.1/../../../../arm-none-eabi/lib/thumb/v7e-m/fpv4-sp/hard\libc_nano.a(lib_a-reent.o)
 .ARM.attributes
                0x00000000000007d6       0x22 d:/st/stm32cubeide_1.4.0/stm32cubeide/plugins/com.st.stm32cube.ide.mcu.externaltools.gnu-tools-for-stm32.7-2018-q2-update.win32_1.4.0.202007081208/tools/bin/../lib/gcc/arm-none-eabi/7.3.1/thumb/v7e-m/fpv4-sp/hard/crtn.o
OUTPUT(ProvaLed.elf elf32-littlearm)

.debug_info     0x0000000000000000     0x9950
 .debug_info    0x0000000000000000     0x178e Core/Src/main.o
 .debug_info    0x000000000000178e      0xd1b Core/Src/stm32f3xx_hal_msp.o
 .debug_info    0x00000000000024a9      0x20d Core/Src/stm32f3xx_it.o
 .debug_info    0x00000000000026b6      0x985 Core/Src/sysmem.o
 .debug_info    0x000000000000303b      0x45c Core/Src/system_stm32f3xx.o
 .debug_info    0x0000000000003497       0x22 Core/Startup/startup_stm32f303k8tx.o
 .debug_info    0x00000000000034b9      0x758 Drivers/STM32F3xx_HAL_Driver/Src/stm32f3xx_hal.o
 .debug_info    0x0000000000003c11     0x1571 Drivers/STM32F3xx_HAL_Driver/Src/stm32f3xx_hal_adc_ex.o
 .debug_info    0x0000000000005182      0xb54 Drivers/STM32F3xx_HAL_Driver/Src/stm32f3xx_hal_cortex.o
 .debug_info    0x0000000000005cd6      0x7c1 Drivers/STM32F3xx_HAL_Driver/Src/stm32f3xx_hal_gpio.o
 .debug_info    0x0000000000006497     0x180f Drivers/STM32F3xx_HAL_Driver/Src/stm32f3xx_hal_rcc.o
 .debug_info    0x0000000000007ca6      0x608 Drivers/STM32F3xx_HAL_Driver/Src/stm32f3xx_hal_rcc_ex.o
 .debug_info    0x00000000000082ae     0x16a2 Drivers/STM32F3xx_HAL_Driver/Src/stm32f3xx_hal_uart.o

.debug_abbrev   0x0000000000000000     0x16e1
 .debug_abbrev  0x0000000000000000      0x28d Core/Src/main.o
 .debug_abbrev  0x000000000000028d      0x18c Core/Src/stm32f3xx_hal_msp.o
 .debug_abbrev  0x0000000000000419       0xc6 Core/Src/stm32f3xx_it.o
 .debug_abbrev  0x00000000000004df      0x19b Core/Src/sysmem.o
 .debug_abbrev  0x000000000000067a      0x12b Core/Src/system_stm32f3xx.o
 .debug_abbrev  0x00000000000007a5       0x12 Core/Startup/startup_stm32f303k8tx.o
 .debug_abbrev  0x00000000000007b7      0x1c7 Drivers/STM32F3xx_HAL_Driver/Src/stm32f3xx_hal.o
 .debug_abbrev  0x000000000000097e      0x225 Drivers/STM32F3xx_HAL_Driver/Src/stm32f3xx_hal_adc_ex.o
 .debug_abbrev  0x0000000000000ba3      0x2d5 Drivers/STM32F3xx_HAL_Driver/Src/stm32f3xx_hal_cortex.o
 .debug_abbrev  0x0000000000000e78      0x1c0 Drivers/STM32F3xx_HAL_Driver/Src/stm32f3xx_hal_gpio.o
 .debug_abbrev  0x0000000000001038      0x28c Drivers/STM32F3xx_HAL_Driver/Src/stm32f3xx_hal_rcc.o
 .debug_abbrev  0x00000000000012c4      0x208 Drivers/STM32F3xx_HAL_Driver/Src/stm32f3xx_hal_rcc_ex.o
 .debug_abbrev  0x00000000000014cc      0x215 Drivers/STM32F3xx_HAL_Driver/Src/stm32f3xx_hal_uart.o

.debug_aranges  0x0000000000000000      0x7e0
 .debug_aranges
                0x0000000000000000       0x48 Core/Src/main.o
 .debug_aranges
                0x0000000000000048       0x40 Core/Src/stm32f3xx_hal_msp.o
 .debug_aranges
                0x0000000000000088       0x60 Core/Src/stm32f3xx_it.o
 .debug_aranges
                0x00000000000000e8       0x20 Core/Src/sysmem.o
 .debug_aranges
                0x0000000000000108       0x28 Core/Src/system_stm32f3xx.o
 .debug_aranges
                0x0000000000000130       0x28 Core/Startup/startup_stm32f303k8tx.o
 .debug_aranges
                0x0000000000000158       0xe0 Drivers/STM32F3xx_HAL_Driver/Src/stm32f3xx_hal.o
 .debug_aranges
                0x0000000000000238      0x168 Drivers/STM32F3xx_HAL_Driver/Src/stm32f3xx_hal_adc_ex.o
 .debug_aranges
                0x00000000000003a0      0x100 Drivers/STM32F3xx_HAL_Driver/Src/stm32f3xx_hal_cortex.o
 .debug_aranges
                0x00000000000004a0       0x58 Drivers/STM32F3xx_HAL_Driver/Src/stm32f3xx_hal_gpio.o
 .debug_aranges
                0x00000000000004f8       0x88 Drivers/STM32F3xx_HAL_Driver/Src/stm32f3xx_hal_rcc.o
 .debug_aranges
                0x0000000000000580       0x38 Drivers/STM32F3xx_HAL_Driver/Src/stm32f3xx_hal_rcc_ex.o
 .debug_aranges
                0x00000000000005b8      0x228 Drivers/STM32F3xx_HAL_Driver/Src/stm32f3xx_hal_uart.o

.debug_ranges   0x0000000000000000      0x748
 .debug_ranges  0x0000000000000000       0x38 Core/Src/main.o
 .debug_ranges  0x0000000000000038       0x30 Core/Src/stm32f3xx_hal_msp.o
 .debug_ranges  0x0000000000000068       0x50 Core/Src/stm32f3xx_it.o
 .debug_ranges  0x00000000000000b8       0x10 Core/Src/sysmem.o
 .debug_ranges  0x00000000000000c8       0x18 Core/Src/system_stm32f3xx.o
 .debug_ranges  0x00000000000000e0       0x20 Core/Startup/startup_stm32f303k8tx.o
 .debug_ranges  0x0000000000000100       0xd0 Drivers/STM32F3xx_HAL_Driver/Src/stm32f3xx_hal.o
 .debug_ranges  0x00000000000001d0      0x158 Drivers/STM32F3xx_HAL_Driver/Src/stm32f3xx_hal_adc_ex.o
 .debug_ranges  0x0000000000000328       0xf0 Drivers/STM32F3xx_HAL_Driver/Src/stm32f3xx_hal_cortex.o
 .debug_ranges  0x0000000000000418       0x48 Drivers/STM32F3xx_HAL_Driver/Src/stm32f3xx_hal_gpio.o
 .debug_ranges  0x0000000000000460       0x78 Drivers/STM32F3xx_HAL_Driver/Src/stm32f3xx_hal_rcc.o
 .debug_ranges  0x00000000000004d8       0x28 Drivers/STM32F3xx_HAL_Driver/Src/stm32f3xx_hal_rcc_ex.o
 .debug_ranges  0x0000000000000500      0x248 Drivers/STM32F3xx_HAL_Driver/Src/stm32f3xx_hal_uart.o

.debug_macro    0x0000000000000000    0x1b33e
 .debug_macro   0x0000000000000000      0x360 Core/Src/main.o
 .debug_macro   0x0000000000000360      0xa5a Core/Src/main.o
 .debug_macro   0x0000000000000dba      0x157 Core/Src/main.o
 .debug_macro   0x0000000000000f11       0x2e Core/Src/main.o
 .debug_macro   0x0000000000000f3f       0x28 Core/Src/main.o
 .debug_macro   0x0000000000000f67       0x22 Core/Src/main.o
 .debug_macro   0x0000000000000f89       0x8e Core/Src/main.o
 .debug_macro   0x0000000000001017       0x51 Core/Src/main.o
 .debug_macro   0x0000000000001068       0xef Core/Src/main.o
 .debug_macro   0x0000000000001157       0x6a Core/Src/main.o
 .debug_macro   0x00000000000011c1      0x1df Core/Src/main.o
 .debug_macro   0x00000000000013a0       0x1c Core/Src/main.o
 .debug_macro   0x00000000000013bc       0x22 Core/Src/main.o
 .debug_macro   0x00000000000013de       0xdf Core/Src/main.o
 .debug_macro   0x00000000000014bd      0xf07 Core/Src/main.o
 .debug_macro   0x00000000000023c4    0x10bd9 Core/Src/main.o
 .debug_macro   0x0000000000012f9d       0x43 Core/Src/main.o
 .debug_macro   0x0000000000012fe0     0x35e9 Core/Src/main.o
 .debug_macro   0x00000000000165c9      0x174 Core/Src/main.o
 .debug_macro   0x000000000001673d       0x55 Core/Src/main.o
 .debug_macro   0x0000000000016792      0x8f9 Core/Src/main.o
 .debug_macro   0x000000000001708b      0x304 Core/Src/main.o
 .debug_macro   0x000000000001738f      0x12f Core/Src/main.o
 .debug_macro   0x00000000000174be      0x11b Core/Src/main.o
 .debug_macro   0x00000000000175d9      0x1d5 Core/Src/main.o
 .debug_macro   0x00000000000177ae      0x1bc Core/Src/main.o
 .debug_macro   0x000000000001796a       0x34 Core/Src/main.o
 .debug_macro   0x000000000001799e       0x3c Core/Src/main.o
 .debug_macro   0x00000000000179da       0x57 Core/Src/main.o
 .debug_macro   0x0000000000017a31      0x87d Core/Src/main.o
 .debug_macro   0x00000000000182ae       0x77 Core/Src/main.o
 .debug_macro   0x0000000000018325       0xc5 Core/Src/main.o
 .debug_macro   0x00000000000183ea      0x19f Core/Src/main.o
 .debug_macro   0x0000000000018589      0x22c Core/Src/main.o
 .debug_macro   0x00000000000187b5       0x5b Core/Src/main.o
 .debug_macro   0x0000000000018810       0xa5 Core/Src/main.o
 .debug_macro   0x00000000000188b5       0x81 Core/Src/main.o
 .debug_macro   0x0000000000018936       0xd3 Core/Src/main.o
 .debug_macro   0x0000000000018a09      0x5a5 Core/Src/main.o
 .debug_macro   0x0000000000018fae       0x44 Core/Src/main.o
 .debug_macro   0x0000000000018ff2      0x285 Core/Src/main.o
 .debug_macro   0x0000000000019277       0x28 Core/Src/main.o
 .debug_macro   0x000000000001929f       0x46 Core/Src/main.o
 .debug_macro   0x00000000000192e5       0x18 Core/Src/main.o
 .debug_macro   0x00000000000192fd       0x3c Core/Src/main.o
 .debug_macro   0x0000000000019339       0x34 Core/Src/main.o
 .debug_macro   0x000000000001936d       0x16 Core/Src/main.o
 .debug_macro   0x0000000000019383       0x35 Core/Src/main.o
 .debug_macro   0x00000000000193b8      0x32a Core/Src/main.o
 .debug_macro   0x00000000000196e2       0x10 Core/Src/main.o
 .debug_macro   0x00000000000196f2       0x52 Core/Src/main.o
 .debug_macro   0x0000000000019744       0x1f Core/Src/main.o
 .debug_macro   0x0000000000019763       0x43 Core/Src/main.o
 .debug_macro   0x00000000000197a6       0x20 Core/Src/main.o
 .debug_macro   0x00000000000197c6      0x1a3 Core/Src/main.o
 .debug_macro   0x0000000000019969       0x10 Core/Src/main.o
 .debug_macro   0x0000000000019979       0x1c Core/Src/main.o
 .debug_macro   0x0000000000019995       0x52 Core/Src/main.o
 .debug_macro   0x00000000000199e7       0x40 Core/Src/main.o
 .debug_macro   0x0000000000019a27       0x10 Core/Src/main.o
 .debug_macro   0x0000000000019a37       0x40 Core/Src/main.o
 .debug_macro   0x0000000000019a77       0xd7 Core/Src/main.o
 .debug_macro   0x0000000000019b4e       0x1c Core/Src/main.o
 .debug_macro   0x0000000000019b6a       0x3d Core/Src/main.o
 .debug_macro   0x0000000000019ba7       0x16 Core/Src/main.o
 .debug_macro   0x0000000000019bbd      0x145 Core/Src/main.o
 .debug_macro   0x0000000000019d02       0x16 Core/Src/main.o
 .debug_macro   0x0000000000019d18       0x20 Core/Src/main.o
 .debug_macro   0x0000000000019d38      0x1da Core/Src/stm32f3xx_hal_msp.o
 .debug_macro   0x0000000000019f12      0x1e4 Core/Src/stm32f3xx_it.o
 .debug_macro   0x000000000001a0f6       0xee Core/Src/sysmem.o
 .debug_macro   0x000000000001a1e4      0x23b Core/Src/sysmem.o
 .debug_macro   0x000000000001a41f      0x1cb Core/Src/system_stm32f3xx.o
 .debug_macro   0x000000000001a5ea      0x1ef Drivers/STM32F3xx_HAL_Driver/Src/stm32f3xx_hal.o
 .debug_macro   0x000000000001a7d9      0x1f5 Drivers/STM32F3xx_HAL_Driver/Src/stm32f3xx_hal_adc_ex.o
 .debug_macro   0x000000000001a9ce      0x1cb Drivers/STM32F3xx_HAL_Driver/Src/stm32f3xx_hal_cortex.o
 .debug_macro   0x000000000001ab99      0x203 Drivers/STM32F3xx_HAL_Driver/Src/stm32f3xx_hal_gpio.o
 .debug_macro   0x000000000001ad9c      0x1ef Drivers/STM32F3xx_HAL_Driver/Src/stm32f3xx_hal_rcc.o
 .debug_macro   0x000000000001af8b      0x1cb Drivers/STM32F3xx_HAL_Driver/Src/stm32f3xx_hal_rcc_ex.o
 .debug_macro   0x000000000001b156      0x1e8 Drivers/STM32F3xx_HAL_Driver/Src/stm32f3xx_hal_uart.o

.debug_line     0x0000000000000000     0x7c70
 .debug_line    0x0000000000000000      0x989 Core/Src/main.o
 .debug_line    0x0000000000000989      0x739 Core/Src/stm32f3xx_hal_msp.o
 .debug_line    0x00000000000010c2      0x781 Core/Src/stm32f3xx_it.o
 .debug_line    0x0000000000001843      0x4c7 Core/Src/sysmem.o
 .debug_line    0x0000000000001d0a      0x6fa Core/Src/system_stm32f3xx.o
 .debug_line    0x0000000000002404       0x88 Core/Startup/startup_stm32f303k8tx.o
 .debug_line    0x000000000000248c      0x8b8 Drivers/STM32F3xx_HAL_Driver/Src/stm32f3xx_hal.o
 .debug_line    0x0000000000002d44     0x1494 Drivers/STM32F3xx_HAL_Driver/Src/stm32f3xx_hal_adc_ex.o
 .debug_line    0x00000000000041d8      0x98f Drivers/STM32F3xx_HAL_Driver/Src/stm32f3xx_hal_cortex.o
 .debug_line    0x0000000000004b67      0x857 Drivers/STM32F3xx_HAL_Driver/Src/stm32f3xx_hal_gpio.o
 .debug_line    0x00000000000053be      0xe30 Drivers/STM32F3xx_HAL_Driver/Src/stm32f3xx_hal_rcc.o
 .debug_line    0x00000000000061ee      0x885 Drivers/STM32F3xx_HAL_Driver/Src/stm32f3xx_hal_rcc_ex.o
 .debug_line    0x0000000000006a73     0x11fd Drivers/STM32F3xx_HAL_Driver/Src/stm32f3xx_hal_uart.o

.debug_str      0x0000000000000000    0xa24c5
 .debug_str     0x0000000000000000    0x9ff3a Core/Src/main.o
                                      0xa031b (size before relaxing)
 .debug_str     0x000000000009ff3a       0x7d Core/Src/stm32f3xx_hal_msp.o
                                      0x9bf54 (size before relaxing)
 .debug_str     0x000000000009ffb7       0xbd Core/Src/stm32f3xx_it.o
                                      0x9b887 (size before relaxing)
 .debug_str     0x00000000000a0074      0x4e9 Core/Src/sysmem.o
                                       0x5f5e (size before relaxing)
 .debug_str     0x00000000000a055d       0xb3 Core/Src/system_stm32f3xx.o
                                      0x9b851 (size before relaxing)
 .debug_str     0x00000000000a0610       0x36 Core/Startup/startup_stm32f303k8tx.o
                                         0x6b (size before relaxing)
 .debug_str     0x00000000000a0646      0x554 Drivers/STM32F3xx_HAL_Driver/Src/stm32f3xx_hal.o
                                      0x9be9f (size before relaxing)
 .debug_str     0x00000000000a0b9a      0x822 Drivers/STM32F3xx_HAL_Driver/Src/stm32f3xx_hal_adc_ex.o
                                      0x9c4a9 (size before relaxing)
 .debug_str     0x00000000000a13bc      0x284 Drivers/STM32F3xx_HAL_Driver/Src/stm32f3xx_hal_cortex.o
                                      0x9be80 (size before relaxing)
 .debug_str     0x00000000000a1640      0x250 Drivers/STM32F3xx_HAL_Driver/Src/stm32f3xx_hal_gpio.o
                                      0x9bb29 (size before relaxing)
 .debug_str     0x00000000000a1890      0x2f0 Drivers/STM32F3xx_HAL_Driver/Src/stm32f3xx_hal_rcc.o
                                      0x9bcbf (size before relaxing)
 .debug_str     0x00000000000a1b80       0xd8 Drivers/STM32F3xx_HAL_Driver/Src/stm32f3xx_hal_rcc_ex.o
                                      0x9b9d3 (size before relaxing)
 .debug_str     0x00000000000a1c58      0x86d Drivers/STM32F3xx_HAL_Driver/Src/stm32f3xx_hal_uart.o
                                      0x9c4ac (size before relaxing)

.comment        0x0000000000000000       0x7b
 .comment       0x0000000000000000       0x7b Core/Src/main.o
                                         0x7c (size before relaxing)
 .comment       0x000000000000007b       0x7c Core/Src/stm32f3xx_hal_msp.o
 .comment       0x000000000000007b       0x7c Core/Src/stm32f3xx_it.o
 .comment       0x000000000000007b       0x7c Core/Src/sysmem.o
 .comment       0x000000000000007b       0x7c Core/Src/system_stm32f3xx.o
 .comment       0x000000000000007b       0x7c Drivers/STM32F3xx_HAL_Driver/Src/stm32f3xx_hal.o
 .comment       0x000000000000007b       0x7c Drivers/STM32F3xx_HAL_Driver/Src/stm32f3xx_hal_adc_ex.o
 .comment       0x000000000000007b       0x7c Drivers/STM32F3xx_HAL_Driver/Src/stm32f3xx_hal_cortex.o
 .comment       0x000000000000007b       0x7c Drivers/STM32F3xx_HAL_Driver/Src/stm32f3xx_hal_gpio.o
 .comment       0x000000000000007b       0x7c Drivers/STM32F3xx_HAL_Driver/Src/stm32f3xx_hal_rcc.o
 .comment       0x000000000000007b       0x7c Drivers/STM32F3xx_HAL_Driver/Src/stm32f3xx_hal_rcc_ex.o
 .comment       0x000000000000007b       0x7c Drivers/STM32F3xx_HAL_Driver/Src/stm32f3xx_hal_uart.o

.debug_frame    0x0000000000000000     0x23ec
 .debug_frame   0x0000000000000000       0xd8 Core/Src/main.o
 .debug_frame   0x00000000000000d8       0xc8 Core/Src/stm32f3xx_hal_msp.o
 .debug_frame   0x00000000000001a0      0x10c Core/Src/stm32f3xx_it.o
 .debug_frame   0x00000000000002ac       0x34 Core/Src/sysmem.o
 .debug_frame   0x00000000000002e0       0x58 Core/Src/system_stm32f3xx.o
 .debug_frame   0x0000000000000338      0x334 Drivers/STM32F3xx_HAL_Driver/Src/stm32f3xx_hal.o
 .debug_frame   0x000000000000066c      0x638 Drivers/STM32F3xx_HAL_Driver/Src/stm32f3xx_hal_adc_ex.o
 .debug_frame   0x0000000000000ca4      0x428 Drivers/STM32F3xx_HAL_Driver/Src/stm32f3xx_hal_cortex.o
 .debug_frame   0x00000000000010cc      0x14c Drivers/STM32F3xx_HAL_Driver/Src/stm32f3xx_hal_gpio.o
 .debug_frame   0x0000000000001218      0x214 Drivers/STM32F3xx_HAL_Driver/Src/stm32f3xx_hal_rcc.o
 .debug_frame   0x000000000000142c       0xb0 Drivers/STM32F3xx_HAL_Driver/Src/stm32f3xx_hal_rcc_ex.o
 .debug_frame   0x00000000000014dc      0x9e0 Drivers/STM32F3xx_HAL_Driver/Src/stm32f3xx_hal_uart.o
 .debug_frame   0x0000000000001ebc       0x30 d:/st/stm32cubeide_1.4.0/stm32cubeide/plugins/com.st.stm32cube.ide.mcu.externaltools.gnu-tools-for-stm32.7-2018-q2-update.win32_1.4.0.202007081208/tools/bin/../lib/gcc/arm-none-eabi/7.3.1/../../../../arm-none-eabi/lib/thumb/v7e-m/fpv4-sp/hard\libc_nano.a(lib_a-atoi.o)
 .debug_frame   0x0000000000001eec       0x20 d:/st/stm32cubeide_1.4.0/stm32cubeide/plugins/com.st.stm32cube.ide.mcu.externaltools.gnu-tools-for-stm32.7-2018-q2-update.win32_1.4.0.202007081208/tools/bin/../lib/gcc/arm-none-eabi/7.3.1/../../../../arm-none-eabi/lib/thumb/v7e-m/fpv4-sp/hard\libc_nano.a(lib_a-errno.o)
 .debug_frame   0x0000000000001f0c       0x2c d:/st/stm32cubeide_1.4.0/stm32cubeide/plugins/com.st.stm32cube.ide.mcu.externaltools.gnu-tools-for-stm32.7-2018-q2-update.win32_1.4.0.202007081208/tools/bin/../lib/gcc/arm-none-eabi/7.3.1/../../../../arm-none-eabi/lib/thumb/v7e-m/fpv4-sp/hard\libc_nano.a(lib_a-init.o)
 .debug_frame   0x0000000000001f38       0x20 d:/st/stm32cubeide_1.4.0/stm32cubeide/plugins/com.st.stm32cube.ide.mcu.externaltools.gnu-tools-for-stm32.7-2018-q2-update.win32_1.4.0.202007081208/tools/bin/../lib/gcc/arm-none-eabi/7.3.1/../../../../arm-none-eabi/lib/thumb/v7e-m/fpv4-sp/hard\libc_nano.a(lib_a-memset.o)
 .debug_frame   0x0000000000001f58       0x6c d:/st/stm32cubeide_1.4.0/stm32cubeide/plugins/com.st.stm32cube.ide.mcu.externaltools.gnu-tools-for-stm32.7-2018-q2-update.win32_1.4.0.202007081208/tools/bin/../lib/gcc/arm-none-eabi/7.3.1/../../../../arm-none-eabi/lib/thumb/v7e-m/fpv4-sp/hard\libc_nano.a(lib_a-sprintf.o)
 .debug_frame   0x0000000000001fc4       0x84 d:/st/stm32cubeide_1.4.0/stm32cubeide/plugins/com.st.stm32cube.ide.mcu.externaltools.gnu-tools-for-stm32.7-2018-q2-update.win32_1.4.0.202007081208/tools/bin/../lib/gcc/arm-none-eabi/7.3.1/../../../../arm-none-eabi/lib/thumb/v7e-m/fpv4-sp/hard\libc_nano.a(lib_a-strtol.o)
 .debug_frame   0x0000000000002048       0x68 d:/st/stm32cubeide_1.4.0/stm32cubeide/plugins/com.st.stm32cube.ide.mcu.externaltools.gnu-tools-for-stm32.7-2018-q2-update.win32_1.4.0.202007081208/tools/bin/../lib/gcc/arm-none-eabi/7.3.1/../../../../arm-none-eabi/lib/thumb/v7e-m/fpv4-sp/hard\libc_nano.a(lib_a-locale.o)
 .debug_frame   0x00000000000020b0       0x48 d:/st/stm32cubeide_1.4.0/stm32cubeide/plugins/com.st.stm32cube.ide.mcu.externaltools.gnu-tools-for-stm32.7-2018-q2-update.win32_1.4.0.202007081208/tools/bin/../lib/gcc/arm-none-eabi/7.3.1/../../../../arm-none-eabi/lib/thumb/v7e-m/fpv4-sp/hard\libc_nano.a(lib_a-mbtowc_r.o)
 .debug_frame   0x00000000000020f8       0x90 d:/st/stm32cubeide_1.4.0/stm32cubeide/plugins/com.st.stm32cube.ide.mcu.externaltools.gnu-tools-for-stm32.7-2018-q2-update.win32_1.4.0.202007081208/tools/bin/../lib/gcc/arm-none-eabi/7.3.1/../../../../arm-none-eabi/lib/thumb/v7e-m/fpv4-sp/hard\libc_nano.a(lib_a-nano-svfprintf.o)
 .debug_frame   0x0000000000002188       0x60 d:/st/stm32cubeide_1.4.0/stm32cubeide/plugins/com.st.stm32cube.ide.mcu.externaltools.gnu-tools-for-stm32.7-2018-q2-update.win32_1.4.0.202007081208/tools/bin/../lib/gcc/arm-none-eabi/7.3.1/../../../../arm-none-eabi/lib/thumb/v7e-m/fpv4-sp/hard\libc_nano.a(lib_a-nano-vfprintf_i.o)
 .debug_frame   0x00000000000021e8       0x3c d:/st/stm32cubeide_1.4.0/stm32cubeide/plugins/com.st.stm32cube.ide.mcu.externaltools.gnu-tools-for-stm32.7-2018-q2-update.win32_1.4.0.202007081208/tools/bin/../lib/gcc/arm-none-eabi/7.3.1/../../../../arm-none-eabi/lib/thumb/v7e-m/fpv4-sp/hard\libc_nano.a(lib_a-wctomb_r.o)
 .debug_frame   0x0000000000002224       0x28 d:/st/stm32cubeide_1.4.0/stm32cubeide/plugins/com.st.stm32cube.ide.mcu.externaltools.gnu-tools-for-stm32.7-2018-q2-update.win32_1.4.0.202007081208/tools/bin/../lib/gcc/arm-none-eabi/7.3.1/../../../../arm-none-eabi/lib/thumb/v7e-m/fpv4-sp/hard\libc_nano.a(lib_a-memcpy-stub.o)
 .debug_frame   0x000000000000224c       0x28 d:/st/stm32cubeide_1.4.0/stm32cubeide/plugins/com.st.stm32cube.ide.mcu.externaltools.gnu-tools-for-stm32.7-2018-q2-update.win32_1.4.0.202007081208/tools/bin/../lib/gcc/arm-none-eabi/7.3.1/../../../../arm-none-eabi/lib/thumb/v7e-m/fpv4-sp/hard\libc_nano.a(lib_a-memmove.o)
 .debug_frame   0x0000000000002274       0x38 d:/st/stm32cubeide_1.4.0/stm32cubeide/plugins/com.st.stm32cube.ide.mcu.externaltools.gnu-tools-for-stm32.7-2018-q2-update.win32_1.4.0.202007081208/tools/bin/../lib/gcc/arm-none-eabi/7.3.1/../../../../arm-none-eabi/lib/thumb/v7e-m/fpv4-sp/hard\libc_nano.a(lib_a-nano-freer.o)
 .debug_frame   0x00000000000022ac       0x2c d:/st/stm32cubeide_1.4.0/stm32cubeide/plugins/com.st.stm32cube.ide.mcu.externaltools.gnu-tools-for-stm32.7-2018-q2-update.win32_1.4.0.202007081208/tools/bin/../lib/gcc/arm-none-eabi/7.3.1/../../../../arm-none-eabi/lib/thumb/v7e-m/fpv4-sp/hard\libc_nano.a(lib_a-nano-mallocr.o)
 .debug_frame   0x00000000000022d8       0x3c d:/st/stm32cubeide_1.4.0/stm32cubeide/plugins/com.st.stm32cube.ide.mcu.externaltools.gnu-tools-for-stm32.7-2018-q2-update.win32_1.4.0.202007081208/tools/bin/../lib/gcc/arm-none-eabi/7.3.1/../../../../arm-none-eabi/lib/thumb/v7e-m/fpv4-sp/hard\libc_nano.a(lib_a-nano-reallocr.o)
 .debug_frame   0x0000000000002314       0x2c d:/st/stm32cubeide_1.4.0/stm32cubeide/plugins/com.st.stm32cube.ide.mcu.externaltools.gnu-tools-for-stm32.7-2018-q2-update.win32_1.4.0.202007081208/tools/bin/../lib/gcc/arm-none-eabi/7.3.1/../../../../arm-none-eabi/lib/thumb/v7e-m/fpv4-sp/hard\libc_nano.a(lib_a-sbrkr.o)
 .debug_frame   0x0000000000002340       0x30 d:/st/stm32cubeide_1.4.0/stm32cubeide/plugins/com.st.stm32cube.ide.mcu.externaltools.gnu-tools-for-stm32.7-2018-q2-update.win32_1.4.0.202007081208/tools/bin/../lib/gcc/arm-none-eabi/7.3.1/../../../../arm-none-eabi/lib/thumb/v7e-m/fpv4-sp/hard\libc_nano.a(lib_a-mlock.o)
 .debug_frame   0x0000000000002370       0x20 d:/st/stm32cubeide_1.4.0/stm32cubeide/plugins/com.st.stm32cube.ide.mcu.externaltools.gnu-tools-for-stm32.7-2018-q2-update.win32_1.4.0.202007081208/tools/bin/../lib/gcc/arm-none-eabi/7.3.1/../../../../arm-none-eabi/lib/thumb/v7e-m/fpv4-sp/hard\libc_nano.a(lib_a-nano-msizer.o)
 .debug_frame   0x0000000000002390       0x5c d:/st/stm32cubeide_1.4.0/stm32cubeide/plugins/com.st.stm32cube.ide.mcu.externaltools.gnu-tools-for-stm32.7-2018-q2-update.win32_1.4.0.202007081208/tools/bin/../lib/gcc/arm-none-eabi/7.3.1/../../../../arm-none-eabi/lib/thumb/v7e-m/fpv4-sp/hard\libc_nano.a(lib_a-reent.o)
